nohup: 忽略输入
【完整实验模式 - 高成功率配置】

  二维场景: 650 次迭代 [目标成功率70-85%]
  三维场景: 1200 次迭代 [目标成功率70-85%]
  重复次数: 30 次 [最高统计置信度]
  【核心评价】首次解迭代次数（PID应显著更快）、路径质量

实验配置:
  场景数: 2
  参数组: 20
  重复次数: 30
  总实验数: 1200
  输出目录: ../results

======================================================================
开始PID参数对比实验 - 差异化迭代次数版本
实验时间: 2026-02-03 12:00:27
二维最大迭代: 650
三维最大迭代: 1200
每组重复次数: 30
场景数量: 2
PID配置数量: 20
总运行数: 1200
======================================================================

======================================================================
场景: 二维高密度场景 (迭代限制: 650)
======================================================================

PID配置: Kp_0.10 (Kp=0.10, Ki=0.04, Kd=0.10)
  Trial 1/30: [FAIL] [1/1200, Elapsed 0.1min, Remaining 99.8min]
  Trial 2/30: [OK] [2/1200, Elapsed 0.1min, Remaining 89.3min]
  Trial 3/30: [OK] [3/1200, Elapsed 0.2min, Remaining 75.9min]
  Trial 4/30: [FAIL] [4/1200, Elapsed 0.3min, Remaining 78.6min]
  Trial 5/30: [OK] [5/1200, Elapsed 0.3min, Remaining 69.3min]
  Trial 6/30: [OK] [6/1200, Elapsed 0.3min, Remaining 68.5min]
  Trial 7/30: [FAIL] [7/1200, Elapsed 0.4min, Remaining 73.5min]
  Trial 8/30: [OK] [8/1200, Elapsed 0.5min, Remaining 72.2min]
  Trial 9/30: [OK] [9/1200, Elapsed 0.5min, Remaining 68.1min]
  Trial 10/30: [OK] [10/1200, Elapsed 0.6min, Remaining 67.6min]
  Trial 11/30: [FAIL] [11/1200, Elapsed 0.6min, Remaining 69.7min]
  Trial 12/30: [FAIL] [12/1200, Elapsed 0.7min, Remaining 71.9min]
  Trial 13/30: [OK] [13/1200, Elapsed 0.8min, Remaining 69.3min]
  Trial 14/30: [OK] [14/1200, Elapsed 0.8min, Remaining 66.6min]
  Trial 15/30: [OK] [15/1200, Elapsed 0.9min, Remaining 68.8min]
  Trial 16/30: [OK] [16/1200, Elapsed 0.9min, Remaining 69.6min]
  Trial 17/30: [OK] [17/1200, Elapsed 1.0min, Remaining 67.4min]
  Trial 18/30: [OK] [18/1200, Elapsed 1.0min, Remaining 67.8min]
  Trial 19/30: [OK] [19/1200, Elapsed 1.1min, Remaining 67.3min]
  Trial 20/30: [OK] [20/1200, Elapsed 1.2min, Remaining 69.3min]
  Trial 21/30: [FAIL] [21/1200, Elapsed 1.3min, Remaining 70.9min]
  Trial 22/30: [OK] [22/1200, Elapsed 1.3min, Remaining 72.1min]
  Trial 23/30: [OK] [23/1200, Elapsed 1.4min, Remaining 71.7min]
  Trial 24/30: [FAIL] [24/1200, Elapsed 1.5min, Remaining 73.0min]
  Trial 25/30: [OK] [25/1200, Elapsed 1.6min, Remaining 74.0min]
  Trial 26/30: [OK] [26/1200, Elapsed 1.7min, Remaining 74.5min]
  Trial 27/30: [FAIL] [27/1200, Elapsed 1.7min, Remaining 75.3min]
  Trial 28/30: [OK] [28/1200, Elapsed 1.8min, Remaining 75.9min]
  Trial 29/30: [OK] [29/1200, Elapsed 1.9min, Remaining 74.9min]
  Trial 30/30: [OK] [30/1200, Elapsed 1.9min, Remaining 75.5min]

PID配置: Kp_0.15 (Kp=0.15, Ki=0.04, Kd=0.10)
  Trial 1/30: [FAIL] [31/1200, Elapsed 2.0min, Remaining 76.0min]
  Trial 2/30: [OK] [32/1200, Elapsed 2.1min, Remaining 76.3min]
  Trial 3/30: [OK] [33/1200, Elapsed 2.2min, Remaining 76.2min]
  Trial 4/30: [OK] [34/1200, Elapsed 2.2min, Remaining 76.4min]
  Trial 5/30: [OK] [35/1200, Elapsed 2.3min, Remaining 75.4min]
  Trial 6/30: [OK] [36/1200, Elapsed 2.3min, Remaining 74.1min]
  Trial 7/30: [OK] [37/1200, Elapsed 2.4min, Remaining 74.5min]
  Trial 8/30: [OK] [38/1200, Elapsed 2.4min, Remaining 74.8min]
  Trial 9/30: [OK] [39/1200, Elapsed 2.5min, Remaining 73.6min]
  Trial 10/30: [OK] [40/1200, Elapsed 2.5min, Remaining 73.2min]
  Trial 11/30: [OK] [41/1200, Elapsed 2.6min, Remaining 72.7min]
  Trial 12/30: [OK] [42/1200, Elapsed 2.6min, Remaining 71.7min]
  Trial 13/30: [FAIL] [43/1200, Elapsed 2.7min, Remaining 72.4min]
  Trial 14/30: [OK] [44/1200, Elapsed 2.7min, Remaining 71.9min]
  Trial 15/30: [OK] [45/1200, Elapsed 2.8min, Remaining 72.0min]
  Trial 16/30: [OK] [46/1200, Elapsed 2.9min, Remaining 71.7min]
  Trial 17/30: [FAIL] [47/1200, Elapsed 2.9min, Remaining 72.0min]
  Trial 18/30: [OK] [48/1200, Elapsed 3.0min, Remaining 72.4min]
  Trial 19/30: [OK] [49/1200, Elapsed 3.1min, Remaining 72.2min]
  Trial 20/30: [OK] [50/1200, Elapsed 3.1min, Remaining 71.3min]
  Trial 21/30: [FAIL] [51/1200, Elapsed 3.2min, Remaining 71.5min]
  Trial 22/30: [OK] [52/1200, Elapsed 3.2min, Remaining 70.6min]
  Trial 23/30: [OK] [53/1200, Elapsed 3.2min, Remaining 69.9min]
  Trial 24/30: [OK] [54/1200, Elapsed 3.3min, Remaining 69.2min]
  Trial 25/30: [FAIL] [55/1200, Elapsed 3.3min, Remaining 69.5min]
  Trial 26/30: [FAIL] [56/1200, Elapsed 3.4min, Remaining 70.0min]
  Trial 27/30: [FAIL] [57/1200, Elapsed 3.5min, Remaining 70.3min]
  Trial 28/30: [FAIL] [58/1200, Elapsed 3.6min, Remaining 70.7min]
  Trial 29/30: [OK] [59/1200, Elapsed 3.6min, Remaining 70.0min]
  Trial 30/30: [FAIL] [60/1200, Elapsed 3.7min, Remaining 70.2min]

PID配置: Kp_0.20 (Kp=0.20, Ki=0.04, Kd=0.10)
  Trial 1/30: [OK] [61/1200, Elapsed 3.7min, Remaining 69.6min]
  Trial 2/30: [OK] [62/1200, Elapsed 3.8min, Remaining 69.1min]
  Trial 3/30: [OK] [63/1200, Elapsed 3.8min, Remaining 68.7min]
  Trial 4/30: [OK] [64/1200, Elapsed 3.8min, Remaining 68.3min]
  Trial 5/30: [OK] [65/1200, Elapsed 3.9min, Remaining 68.3min]
  Trial 6/30: [OK] [66/1200, Elapsed 4.0min, Remaining 68.5min]
  Trial 7/30: [OK] [67/1200, Elapsed 4.0min, Remaining 68.0min]
  Trial 8/30: [OK] [68/1200, Elapsed 4.1min, Remaining 68.0min]
  Trial 9/30: [OK] [69/1200, Elapsed 4.1min, Remaining 67.6min]
  Trial 10/30: [OK] [70/1200, Elapsed 4.2min, Remaining 67.7min]
  Trial 11/30: [OK] [71/1200, Elapsed 4.3min, Remaining 67.8min]
  Trial 12/30: [FAIL] [72/1200, Elapsed 4.3min, Remaining 68.0min]
  Trial 13/30: [FAIL] [73/1200, Elapsed 4.4min, Remaining 68.1min]
  Trial 14/30: [OK] [74/1200, Elapsed 4.5min, Remaining 67.8min]
  Trial 15/30: [OK] [75/1200, Elapsed 4.5min, Remaining 67.8min]
  Trial 16/30: [OK] [76/1200, Elapsed 4.6min, Remaining 67.6min]
  Trial 17/30: [FAIL] [77/1200, Elapsed 4.7min, Remaining 67.9min]
  Trial 18/30: [OK] [78/1200, Elapsed 4.7min, Remaining 67.6min]
  Trial 19/30: [OK] [79/1200, Elapsed 4.8min, Remaining 67.4min]
  Trial 20/30: [OK] [80/1200, Elapsed 4.8min, Remaining 67.3min]
  Trial 21/30: [FAIL] [81/1200, Elapsed 4.9min, Remaining 67.5min]
  Trial 22/30: [FAIL] [82/1200, Elapsed 5.0min, Remaining 67.6min]
  Trial 23/30: [OK] [83/1200, Elapsed 5.0min, Remaining 67.1min]
  Trial 24/30: [OK] [84/1200, Elapsed 5.0min, Remaining 66.9min]
  Trial 25/30: [OK] [85/1200, Elapsed 5.1min, Remaining 66.7min]
  Trial 26/30: [FAIL] [86/1200, Elapsed 5.2min, Remaining 66.8min]
  Trial 27/30: [FAIL] [87/1200, Elapsed 5.2min, Remaining 66.8min]
  Trial 28/30: [OK] [88/1200, Elapsed 5.3min, Remaining 66.4min]
  Trial 29/30: [FAIL] [89/1200, Elapsed 5.3min, Remaining 66.5min]
  Trial 30/30: [FAIL] [90/1200, Elapsed 5.4min, Remaining 66.7min]

PID配置: Kp_0.25 (Kp=0.25, Ki=0.04, Kd=0.10)
  Trial 1/30: [OK] [91/1200, Elapsed 5.5min, Remaining 66.8min]
  Trial 2/30: [FAIL] [92/1200, Elapsed 5.6min, Remaining 66.9min]
  Trial 3/30: [OK] [93/1200, Elapsed 5.6min, Remaining 66.4min]
  Trial 4/30: [OK] [94/1200, Elapsed 5.6min, Remaining 66.4min]
  Trial 5/30: [FAIL] [95/1200, Elapsed 5.7min, Remaining 66.4min]
  Trial 6/30: [OK] [96/1200, Elapsed 5.8min, Remaining 66.1min]
  Trial 7/30: [FAIL] [97/1200, Elapsed 5.8min, Remaining 66.2min]
  Trial 8/30: [OK] [98/1200, Elapsed 5.9min, Remaining 65.8min]
  Trial 9/30: [OK] [99/1200, Elapsed 5.9min, Remaining 65.8min]
  Trial 10/30: [OK] [100/1200, Elapsed 5.9min, Remaining 65.4min]
  Trial 11/30: [FAIL] [101/1200, Elapsed 6.0min, Remaining 65.5min]
  Trial 12/30: [OK] [102/1200, Elapsed 6.1min, Remaining 65.2min]
  Trial 13/30: [FAIL] [103/1200, Elapsed 6.1min, Remaining 65.3min]
  Trial 14/30: [OK] [104/1200, Elapsed 6.2min, Remaining 64.9min]
  Trial 15/30: [FAIL] [105/1200, Elapsed 6.2min, Remaining 65.0min]
  Trial 16/30: [FAIL] [106/1200, Elapsed 6.3min, Remaining 65.1min]
  Trial 17/30: [OK] [107/1200, Elapsed 6.4min, Remaining 65.1min]
  Trial 18/30: [OK] [108/1200, Elapsed 6.4min, Remaining 64.7min]
  Trial 19/30: [OK] [109/1200, Elapsed 6.5min, Remaining 64.6min]
  Trial 20/30: [OK] [110/1200, Elapsed 6.5min, Remaining 64.2min]
  Trial 21/30: [OK] [111/1200, Elapsed 6.6min, Remaining 64.3min]
  Trial 22/30: [OK] [112/1200, Elapsed 6.6min, Remaining 64.4min]
  Trial 23/30: [FAIL] [113/1200, Elapsed 6.7min, Remaining 64.5min]
  Trial 24/30: [FAIL] [114/1200, Elapsed 6.8min, Remaining 64.6min]
  Trial 25/30: [FAIL] [115/1200, Elapsed 6.9min, Remaining 64.7min]
  Trial 26/30: [OK] [116/1200, Elapsed 6.9min, Remaining 64.4min]
  Trial 27/30: [FAIL] [117/1200, Elapsed 7.0min, Remaining 64.5min]
  Trial 28/30: [FAIL] [118/1200, Elapsed 7.0min, Remaining 64.6min]
  Trial 29/30: [OK] [119/1200, Elapsed 7.1min, Remaining 64.6min]
  Trial 30/30: [OK] [120/1200, Elapsed 7.2min, Remaining 64.4min]

PID配置: Kp_0.30 (Kp=0.30, Ki=0.04, Kd=0.10)
  Trial 1/30: [OK] [121/1200, Elapsed 7.2min, Remaining 64.2min]
  Trial 2/30: [OK] [122/1200, Elapsed 7.3min, Remaining 64.3min]
  Trial 3/30: [OK] [123/1200, Elapsed 7.3min, Remaining 64.0min]
  Trial 4/30: [FAIL] [124/1200, Elapsed 7.4min, Remaining 64.1min]
  Trial 5/30: [OK] [125/1200, Elapsed 7.4min, Remaining 63.8min]
  Trial 6/30: [FAIL] [126/1200, Elapsed 7.5min, Remaining 63.8min]
  Trial 7/30: [OK] [127/1200, Elapsed 7.5min, Remaining 63.5min]
  Trial 8/30: [OK] [128/1200, Elapsed 7.5min, Remaining 63.1min]
  Trial 9/30: [OK] [129/1200, Elapsed 7.6min, Remaining 63.2min]
  Trial 10/30: [OK] [130/1200, Elapsed 7.6min, Remaining 62.9min]
  Trial 11/30: [OK] [131/1200, Elapsed 7.7min, Remaining 62.9min]
  Trial 12/30: [OK] [132/1200, Elapsed 7.7min, Remaining 62.6min]
  Trial 13/30: [OK] [133/1200, Elapsed 7.8min, Remaining 62.3min]
  Trial 14/30: [OK] [134/1200, Elapsed 7.8min, Remaining 62.1min]
  Trial 15/30: [OK] [135/1200, Elapsed 7.8min, Remaining 61.8min]
  Trial 16/30: [OK] [136/1200, Elapsed 7.9min, Remaining 61.7min]
  Trial 17/30: [OK] [137/1200, Elapsed 7.9min, Remaining 61.5min]
  Trial 18/30: [FAIL] [138/1200, Elapsed 8.0min, Remaining 61.6min]
  Trial 19/30: [OK] [139/1200, Elapsed 8.0min, Remaining 61.4min]
  Trial 20/30: [FAIL] [140/1200, Elapsed 8.1min, Remaining 61.5min]
  Trial 21/30: [OK] [141/1200, Elapsed 8.2min, Remaining 61.6min]
  Trial 22/30: [OK] [142/1200, Elapsed 8.3min, Remaining 61.5min]
  Trial 23/30: [OK] [143/1200, Elapsed 8.3min, Remaining 61.4min]
  Trial 24/30: [OK] [144/1200, Elapsed 8.4min, Remaining 61.4min]
  Trial 25/30: [FAIL] [145/1200, Elapsed 8.5min, Remaining 61.5min]
  Trial 26/30: [OK] [146/1200, Elapsed 8.5min, Remaining 61.2min]
  Trial 27/30: [OK] [147/1200, Elapsed 8.5min, Remaining 61.0min]
  Trial 28/30: [OK] [148/1200, Elapsed 8.5min, Remaining 60.7min]
  Trial 29/30: [OK] [149/1200, Elapsed 8.6min, Remaining 60.7min]
  Trial 30/30: [FAIL] [150/1200, Elapsed 8.7min, Remaining 60.8min]

PID配置: Kp_0.35 (Kp=0.35, Ki=0.04, Kd=0.10)
  Trial 1/30: [OK] [151/1200, Elapsed 8.8min, Remaining 60.8min]
  Trial 2/30: [OK] [152/1200, Elapsed 8.8min, Remaining 60.9min]
  Trial 3/30: [OK] [153/1200, Elapsed 8.9min, Remaining 60.6min]
  Trial 4/30: [OK] [154/1200, Elapsed 8.9min, Remaining 60.3min]
  Trial 5/30: [OK] [155/1200, Elapsed 8.9min, Remaining 60.3min]
  Trial 6/30: [FAIL] [156/1200, Elapsed 9.0min, Remaining 60.4min]
  Trial 7/30: [OK] [157/1200, Elapsed 9.1min, Remaining 60.4min]
  Trial 8/30: [OK] [158/1200, Elapsed 9.1min, Remaining 60.2min]
  Trial 9/30: [FAIL] [159/1200, Elapsed 9.2min, Remaining 60.3min]
  Trial 10/30: [FAIL] [160/1200, Elapsed 9.3min, Remaining 60.3min]
  Trial 11/30: [OK] [161/1200, Elapsed 9.3min, Remaining 60.1min]
  Trial 12/30: [OK] [162/1200, Elapsed 9.4min, Remaining 60.1min]
  Trial 13/30: [OK] [163/1200, Elapsed 9.4min, Remaining 59.9min]
  Trial 14/30: [OK] [164/1200, Elapsed 9.5min, Remaining 59.9min]
  Trial 15/30: [FAIL] [165/1200, Elapsed 9.6min, Remaining 60.0min]
  Trial 16/30: [OK] [166/1200, Elapsed 9.6min, Remaining 59.7min]
  Trial 17/30: [OK] [167/1200, Elapsed 9.6min, Remaining 59.5min]
  Trial 18/30: [OK] [168/1200, Elapsed 9.7min, Remaining 59.5min]
  Trial 19/30: [OK] [169/1200, Elapsed 9.7min, Remaining 59.3min]
  Trial 20/30: [OK] [170/1200, Elapsed 9.7min, Remaining 59.0min]
  Trial 21/30: [FAIL] [171/1200, Elapsed 9.8min, Remaining 59.0min]
  Trial 22/30: [OK] [172/1200, Elapsed 9.8min, Remaining 58.8min]
  Trial 23/30: [FAIL] [173/1200, Elapsed 9.9min, Remaining 58.8min]
  Trial 24/30: [OK] [174/1200, Elapsed 10.0min, Remaining 58.7min]
  Trial 25/30: [OK] [175/1200, Elapsed 10.0min, Remaining 58.5min]
  Trial 26/30: [OK] [176/1200, Elapsed 10.1min, Remaining 58.5min]
  Trial 27/30: [OK] [177/1200, Elapsed 10.1min, Remaining 58.3min]
  Trial 28/30: [OK] [178/1200, Elapsed 10.2min, Remaining 58.3min]
  Trial 29/30: [OK] [179/1200, Elapsed 10.2min, Remaining 58.1min]
  Trial 30/30: [FAIL] [180/1200, Elapsed 10.3min, Remaining 58.1min]

PID配置: Kp_0.40 (Kp=0.40, Ki=0.04, Kd=0.10)
  Trial 1/30: [OK] [181/1200, Elapsed 10.3min, Remaining 57.9min]
  Trial 2/30: [FAIL] [182/1200, Elapsed 10.4min, Remaining 58.0min]
  Trial 3/30: [FAIL] [183/1200, Elapsed 10.4min, Remaining 58.0min]
  Trial 4/30: [OK] [184/1200, Elapsed 10.5min, Remaining 57.8min]
  Trial 5/30: [OK] [185/1200, Elapsed 10.5min, Remaining 57.7min]
  Trial 6/30: [FAIL] [186/1200, Elapsed 10.6min, Remaining 57.8min]
  Trial 7/30: [OK] [187/1200, Elapsed 10.7min, Remaining 57.8min]
  Trial 8/30: [OK] [188/1200, Elapsed 10.7min, Remaining 57.8min]
  Trial 9/30: [OK] [189/1200, Elapsed 10.8min, Remaining 57.6min]
  Trial 10/30: [OK] [190/1200, Elapsed 10.8min, Remaining 57.4min]
  Trial 11/30: [OK] [191/1200, Elapsed 10.8min, Remaining 57.2min]
  Trial 12/30: [OK] [192/1200, Elapsed 10.9min, Remaining 57.1min]
  Trial 13/30: [OK] [193/1200, Elapsed 10.9min, Remaining 57.0min]
  Trial 14/30: [FAIL] [194/1200, Elapsed 11.0min, Remaining 57.0min]
  Trial 15/30: [FAIL] [195/1200, Elapsed 11.1min, Remaining 57.1min]
  Trial 16/30: [OK] [196/1200, Elapsed 11.1min, Remaining 56.9min]
  Trial 17/30: [OK] [197/1200, Elapsed 11.2min, Remaining 56.9min]
  Trial 18/30: [FAIL] [198/1200, Elapsed 11.3min, Remaining 57.0min]
  Trial 19/30: [OK] [199/1200, Elapsed 11.3min, Remaining 57.0min]
  Trial 20/30: [OK] [200/1200, Elapsed 11.4min, Remaining 56.8min]
  Trial 21/30: [FAIL] [201/1200, Elapsed 11.4min, Remaining 56.8min]
  Trial 22/30: [OK] [202/1200, Elapsed 11.5min, Remaining 56.6min]
  Trial 23/30: [OK] [203/1200, Elapsed 11.5min, Remaining 56.5min]
  Trial 24/30: [FAIL] [204/1200, Elapsed 11.6min, Remaining 56.5min]
  Trial 25/30: [OK] [205/1200, Elapsed 11.6min, Remaining 56.4min]
  Trial 26/30: [OK] [206/1200, Elapsed 11.7min, Remaining 56.5min]
  Trial 27/30: [FAIL] [207/1200, Elapsed 11.8min, Remaining 56.5min]
  Trial 28/30: [OK] [208/1200, Elapsed 11.8min, Remaining 56.3min]
  Trial 29/30: [OK] [209/1200, Elapsed 11.8min, Remaining 56.1min]
  Trial 30/30: [FAIL] [210/1200, Elapsed 11.9min, Remaining 56.1min]

PID配置: Ki_0.02 (Kp=0.25, Ki=0.02, Kd=0.10)
  Trial 1/30: [FAIL] [211/1200, Elapsed 12.0min, Remaining 56.2min]
  Trial 2/30: [FAIL] [212/1200, Elapsed 12.1min, Remaining 56.2min]
  Trial 3/30: [FAIL] [213/1200, Elapsed 12.1min, Remaining 56.2min]
  Trial 4/30: [OK] [214/1200, Elapsed 12.2min, Remaining 56.2min]
  Trial 5/30: [OK] [215/1200, Elapsed 12.2min, Remaining 56.0min]
  Trial 6/30: [FAIL] [216/1200, Elapsed 12.3min, Remaining 56.1min]
  Trial 7/30: [FAIL] [217/1200, Elapsed 12.4min, Remaining 56.1min]
  Trial 8/30: [FAIL] [218/1200, Elapsed 12.4min, Remaining 56.1min]
  Trial 9/30: [OK] [219/1200, Elapsed 12.5min, Remaining 55.9min]
  Trial 10/30: [OK] [220/1200, Elapsed 12.5min, Remaining 55.9min]
  Trial 11/30: [FAIL] [221/1200, Elapsed 12.6min, Remaining 55.9min]
  Trial 12/30: [OK] [222/1200, Elapsed 12.7min, Remaining 55.7min]
  Trial 13/30: [OK] [223/1200, Elapsed 12.7min, Remaining 55.6min]
  Trial 14/30: [FAIL] [224/1200, Elapsed 12.8min, Remaining 55.6min]
  Trial 15/30: [OK] [225/1200, Elapsed 12.8min, Remaining 55.7min]
  Trial 16/30: [FAIL] [226/1200, Elapsed 12.9min, Remaining 55.7min]
  Trial 17/30: [OK] [227/1200, Elapsed 12.9min, Remaining 55.5min]
  Trial 18/30: [FAIL] [228/1200, Elapsed 13.0min, Remaining 55.5min]
  Trial 19/30: [FAIL] [229/1200, Elapsed 13.1min, Remaining 55.5min]
  Trial 20/30: [OK] [230/1200, Elapsed 13.1min, Remaining 55.4min]
  Trial 21/30: [FAIL] [231/1200, Elapsed 13.2min, Remaining 55.4min]
  Trial 22/30: [OK] [232/1200, Elapsed 13.3min, Remaining 55.4min]
  Trial 23/30: [OK] [233/1200, Elapsed 13.3min, Remaining 55.3min]
  Trial 24/30: [OK] [234/1200, Elapsed 13.4min, Remaining 55.1min]
  Trial 25/30: [OK] [235/1200, Elapsed 13.4min, Remaining 55.1min]
  Trial 26/30: [OK] [236/1200, Elapsed 13.4min, Remaining 54.9min]
  Trial 27/30: [OK] [237/1200, Elapsed 13.5min, Remaining 54.8min]
  Trial 28/30: [OK] [238/1200, Elapsed 13.6min, Remaining 54.8min]
  Trial 29/30: [FAIL] [239/1200, Elapsed 13.6min, Remaining 54.8min]
  Trial 30/30: [OK] [240/1200, Elapsed 13.7min, Remaining 54.7min]

PID配置: Ki_0.03 (Kp=0.25, Ki=0.03, Kd=0.10)
  Trial 1/30: [OK] [241/1200, Elapsed 13.7min, Remaining 54.7min]
  Trial 2/30: [OK] [242/1200, Elapsed 13.8min, Remaining 54.7min]
  Trial 3/30: [FAIL] [243/1200, Elapsed 13.9min, Remaining 54.7min]
  Trial 4/30: [FAIL] [244/1200, Elapsed 14.0min, Remaining 54.7min]
  Trial 5/30: [OK] [245/1200, Elapsed 14.0min, Remaining 54.6min]
  Trial 6/30: [FAIL] [246/1200, Elapsed 14.1min, Remaining 54.6min]
  Trial 7/30: [OK] [247/1200, Elapsed 14.2min, Remaining 54.6min]
  Trial 8/30: [FAIL] [248/1200, Elapsed 14.2min, Remaining 54.6min]
  Trial 9/30: [OK] [249/1200, Elapsed 14.3min, Remaining 54.5min]
  Trial 10/30: [FAIL] [250/1200, Elapsed 14.3min, Remaining 54.5min]
  Trial 11/30: [FAIL] [251/1200, Elapsed 14.4min, Remaining 54.5min]
  Trial 12/30: [OK] [252/1200, Elapsed 14.4min, Remaining 54.3min]
  Trial 13/30: [OK] [253/1200, Elapsed 14.5min, Remaining 54.2min]
  Trial 14/30: [FAIL] [254/1200, Elapsed 14.5min, Remaining 54.2min]
  Trial 15/30: [OK] [255/1200, Elapsed 14.6min, Remaining 54.1min]
  Trial 16/30: [FAIL] [256/1200, Elapsed 14.7min, Remaining 54.1min]
  Trial 17/30: [FAIL] [257/1200, Elapsed 14.8min, Remaining 54.1min]
  Trial 18/30: [OK] [258/1200, Elapsed 14.8min, Remaining 54.1min]
  Trial 19/30: [FAIL] [259/1200, Elapsed 14.9min, Remaining 54.1min]
  Trial 20/30: [OK] [260/1200, Elapsed 14.9min, Remaining 53.9min]
  Trial 21/30: [FAIL] [261/1200, Elapsed 15.0min, Remaining 53.9min]
  Trial 22/30: [FAIL] [262/1200, Elapsed 15.1min, Remaining 53.9min]
  Trial 23/30: [OK] [263/1200, Elapsed 15.1min, Remaining 53.8min]
  Trial 24/30: [OK] [264/1200, Elapsed 15.1min, Remaining 53.7min]
  Trial 25/30: [FAIL] [265/1200, Elapsed 15.2min, Remaining 53.7min]
  Trial 26/30: [OK] [266/1200, Elapsed 15.3min, Remaining 53.6min]
  Trial 27/30: [OK] [267/1200, Elapsed 15.3min, Remaining 53.5min]
  Trial 28/30: [OK] [268/1200, Elapsed 15.4min, Remaining 53.5min]
  Trial 29/30: [FAIL] [269/1200, Elapsed 15.5min, Remaining 53.5min]
  Trial 30/30: [OK] [270/1200, Elapsed 15.5min, Remaining 53.4min]

PID配置: Ki_0.04 (Kp=0.25, Ki=0.04, Kd=0.10)
  Trial 1/30: [OK] [271/1200, Elapsed 15.6min, Remaining 53.3min]
  Trial 2/30: [OK] [272/1200, Elapsed 15.6min, Remaining 53.3min]
  Trial 3/30: [OK] [273/1200, Elapsed 15.7min, Remaining 53.3min]
  Trial 4/30: [OK] [274/1200, Elapsed 15.7min, Remaining 53.1min]
  Trial 5/30: [OK] [275/1200, Elapsed 15.8min, Remaining 53.0min]
  Trial 6/30: [FAIL] [276/1200, Elapsed 15.8min, Remaining 53.0min]
  Trial 7/30: [FAIL] [277/1200, Elapsed 15.9min, Remaining 53.0min]
  Trial 8/30: [OK] [278/1200, Elapsed 15.9min, Remaining 52.8min]
  Trial 9/30: [OK] [279/1200, Elapsed 16.0min, Remaining 52.7min]
  Trial 10/30: [FAIL] [280/1200, Elapsed 16.0min, Remaining 52.7min]
  Trial 11/30: [FAIL] [281/1200, Elapsed 16.1min, Remaining 52.7min]
  Trial 12/30: [FAIL] [282/1200, Elapsed 16.2min, Remaining 52.6min]
  Trial 13/30: [FAIL] [283/1200, Elapsed 16.2min, Remaining 52.6min]
  Trial 14/30: [FAIL] [284/1200, Elapsed 16.3min, Remaining 52.6min]
  Trial 15/30: [FAIL] [285/1200, Elapsed 16.4min, Remaining 52.6min]
  Trial 16/30: [OK] [286/1200, Elapsed 16.4min, Remaining 52.5min]
  Trial 17/30: [FAIL] [287/1200, Elapsed 16.5min, Remaining 52.4min]
  Trial 18/30: [OK] [288/1200, Elapsed 16.5min, Remaining 52.3min]
  Trial 19/30: [FAIL] [289/1200, Elapsed 16.6min, Remaining 52.3min]
  Trial 20/30: [OK] [290/1200, Elapsed 16.6min, Remaining 52.2min]
  Trial 21/30: [OK] [291/1200, Elapsed 16.7min, Remaining 52.0min]
  Trial 22/30: [FAIL] [292/1200, Elapsed 16.7min, Remaining 52.0min]
  Trial 23/30: [OK] [293/1200, Elapsed 16.8min, Remaining 52.0min]
  Trial 24/30: [OK] [294/1200, Elapsed 16.8min, Remaining 51.9min]
  Trial 25/30: [OK] [295/1200, Elapsed 16.9min, Remaining 51.9min]
  Trial 26/30: [OK] [296/1200, Elapsed 17.0min, Remaining 51.9min]
  Trial 27/30: [OK] [297/1200, Elapsed 17.0min, Remaining 51.7min]
  Trial 28/30: [OK] [298/1200, Elapsed 17.0min, Remaining 51.6min]
  Trial 29/30: [FAIL] [299/1200, Elapsed 17.1min, Remaining 51.6min]
  Trial 30/30: [FAIL] [300/1200, Elapsed 17.2min, Remaining 51.6min]

PID配置: Ki_0.05 (Kp=0.25, Ki=0.05, Kd=0.10)
  Trial 1/30: [OK] [301/1200, Elapsed 17.2min, Remaining 51.5min]
  Trial 2/30: [FAIL] [302/1200, Elapsed 17.3min, Remaining 51.5min]
  Trial 3/30: [FAIL] [303/1200, Elapsed 17.4min, Remaining 51.5min]
  Trial 4/30: [OK] [304/1200, Elapsed 17.4min, Remaining 51.4min]
  Trial 5/30: [OK] [305/1200, Elapsed 17.5min, Remaining 51.3min]
  Trial 6/30: [OK] [306/1200, Elapsed 17.5min, Remaining 51.2min]
  Trial 7/30: [OK] [307/1200, Elapsed 17.6min, Remaining 51.1min]
  Trial 8/30: [OK] [308/1200, Elapsed 17.6min, Remaining 51.0min]
  Trial 9/30: [OK] [309/1200, Elapsed 17.7min, Remaining 51.0min]
  Trial 10/30: [OK] [310/1200, Elapsed 17.8min, Remaining 51.0min]
  Trial 11/30: [OK] [311/1200, Elapsed 17.8min, Remaining 50.8min]
  Trial 12/30: [FAIL] [312/1200, Elapsed 17.9min, Remaining 50.8min]
  Trial 13/30: [OK] [313/1200, Elapsed 17.9min, Remaining 50.7min]
  Trial 14/30: [OK] [314/1200, Elapsed 18.0min, Remaining 50.7min]
  Trial 15/30: [OK] [315/1200, Elapsed 18.0min, Remaining 50.7min]
  Trial 16/30: [FAIL] [316/1200, Elapsed 18.1min, Remaining 50.7min]
  Trial 17/30: [FAIL] [317/1200, Elapsed 18.2min, Remaining 50.7min]
  Trial 18/30: [FAIL] [318/1200, Elapsed 18.3min, Remaining 50.7min]
  Trial 19/30: [FAIL] [319/1200, Elapsed 18.3min, Remaining 50.7min]
  Trial 20/30: [OK] [320/1200, Elapsed 18.4min, Remaining 50.6min]
  Trial 21/30: [OK] [321/1200, Elapsed 18.5min, Remaining 50.5min]
  Trial 22/30: [OK] [322/1200, Elapsed 18.5min, Remaining 50.5min]
  Trial 23/30: [FAIL] [323/1200, Elapsed 18.6min, Remaining 50.5min]
  Trial 24/30: [OK] [324/1200, Elapsed 18.7min, Remaining 50.5min]
  Trial 25/30: [OK] [325/1200, Elapsed 18.7min, Remaining 50.4min]
  Trial 26/30: [OK] [326/1200, Elapsed 18.8min, Remaining 50.3min]
  Trial 27/30: [OK] [327/1200, Elapsed 18.8min, Remaining 50.2min]
  Trial 28/30: [FAIL] [328/1200, Elapsed 18.9min, Remaining 50.1min]
  Trial 29/30: [FAIL] [329/1200, Elapsed 18.9min, Remaining 50.1min]
  Trial 30/30: [OK] [330/1200, Elapsed 19.0min, Remaining 50.0min]

PID配置: Ki_0.06 (Kp=0.25, Ki=0.06, Kd=0.10)
  Trial 1/30: [FAIL] [331/1200, Elapsed 19.0min, Remaining 50.0min]
  Trial 2/30: [OK] [332/1200, Elapsed 19.1min, Remaining 50.0min]
  Trial 3/30: [FAIL] [333/1200, Elapsed 19.2min, Remaining 49.9min]
  Trial 4/30: [FAIL] [334/1200, Elapsed 19.3min, Remaining 49.9min]
  Trial 5/30: [OK] [335/1200, Elapsed 19.3min, Remaining 49.8min]
  Trial 6/30: [OK] [336/1200, Elapsed 19.3min, Remaining 49.6min]
  Trial 7/30: [FAIL] [337/1200, Elapsed 19.4min, Remaining 49.6min]
  Trial 8/30: [OK] [338/1200, Elapsed 19.4min, Remaining 49.5min]
  Trial 9/30: [FAIL] [339/1200, Elapsed 19.5min, Remaining 49.5min]
  Trial 10/30: [OK] [340/1200, Elapsed 19.5min, Remaining 49.4min]
  Trial 11/30: [OK] [341/1200, Elapsed 19.5min, Remaining 49.2min]
  Trial 12/30: [OK] [342/1200, Elapsed 19.6min, Remaining 49.2min]
  Trial 13/30: [OK] [343/1200, Elapsed 19.6min, Remaining 49.1min]
  Trial 14/30: [OK] [344/1200, Elapsed 19.7min, Remaining 48.9min]
  Trial 15/30: [FAIL] [345/1200, Elapsed 19.7min, Remaining 48.9min]
  Trial 16/30: [FAIL] [346/1200, Elapsed 19.8min, Remaining 48.9min]
  Trial 17/30: [OK] [347/1200, Elapsed 19.9min, Remaining 48.9min]
  Trial 18/30: [OK] [348/1200, Elapsed 19.9min, Remaining 48.8min]
  Trial 19/30: [OK] [349/1200, Elapsed 20.0min, Remaining 48.8min]
  Trial 20/30: [OK] [350/1200, Elapsed 20.1min, Remaining 48.7min]
  Trial 21/30: [OK] [351/1200, Elapsed 20.1min, Remaining 48.7min]
  Trial 22/30: [OK] [352/1200, Elapsed 20.1min, Remaining 48.5min]
  Trial 23/30: [FAIL] [353/1200, Elapsed 20.2min, Remaining 48.5min]
  Trial 24/30: [OK] [354/1200, Elapsed 20.3min, Remaining 48.4min]
  Trial 25/30: [OK] [355/1200, Elapsed 20.3min, Remaining 48.4min]
  Trial 26/30: [OK] [356/1200, Elapsed 20.4min, Remaining 48.4min]
  Trial 27/30: [FAIL] [357/1200, Elapsed 20.5min, Remaining 48.3min]
  Trial 28/30: [FAIL] [358/1200, Elapsed 20.5min, Remaining 48.3min]
  Trial 29/30: [OK] [359/1200, Elapsed 20.6min, Remaining 48.2min]
  Trial 30/30: [FAIL] [360/1200, Elapsed 20.7min, Remaining 48.2min]

PID配置: Kd_0.06 (Kp=0.25, Ki=0.04, Kd=0.06)
  Trial 1/30: [FAIL] [361/1200, Elapsed 20.7min, Remaining 48.2min]
  Trial 2/30: [FAIL] [362/1200, Elapsed 20.8min, Remaining 48.2min]
  Trial 3/30: [FAIL] [363/1200, Elapsed 20.9min, Remaining 48.2min]
  Trial 4/30: [OK] [364/1200, Elapsed 21.0min, Remaining 48.1min]
  Trial 5/30: [OK] [365/1200, Elapsed 21.0min, Remaining 48.0min]
  Trial 6/30: [OK] [366/1200, Elapsed 21.1min, Remaining 48.0min]
  Trial 7/30: [FAIL] [367/1200, Elapsed 21.1min, Remaining 47.9min]
  Trial 8/30: [FAIL] [368/1200, Elapsed 21.2min, Remaining 47.9min]
  Trial 9/30: [OK] [369/1200, Elapsed 21.2min, Remaining 47.8min]
  Trial 10/30: [FAIL] [370/1200, Elapsed 21.3min, Remaining 47.8min]
  Trial 11/30: [OK] [371/1200, Elapsed 21.3min, Remaining 47.7min]
  Trial 12/30: [OK] [372/1200, Elapsed 21.4min, Remaining 47.6min]
  Trial 13/30: [OK] [373/1200, Elapsed 21.5min, Remaining 47.6min]
  Trial 14/30: [OK] [374/1200, Elapsed 21.5min, Remaining 47.5min]
  Trial 15/30: [FAIL] [375/1200, Elapsed 21.6min, Remaining 47.5min]
  Trial 16/30: [FAIL] [376/1200, Elapsed 21.7min, Remaining 47.5min]
  Trial 17/30: [FAIL] [377/1200, Elapsed 21.7min, Remaining 47.4min]
  Trial 18/30: [FAIL] [378/1200, Elapsed 21.8min, Remaining 47.4min]
  Trial 19/30: [FAIL] [379/1200, Elapsed 21.9min, Remaining 47.4min]
  Trial 20/30: [FAIL] [380/1200, Elapsed 21.9min, Remaining 47.4min]
  Trial 21/30: [OK] [381/1200, Elapsed 22.0min, Remaining 47.3min]
  Trial 22/30: [FAIL] [382/1200, Elapsed 22.1min, Remaining 47.3min]
  Trial 23/30: [OK] [383/1200, Elapsed 22.1min, Remaining 47.2min]
  Trial 24/30: [FAIL] [384/1200, Elapsed 22.2min, Remaining 47.2min]
  Trial 25/30: [OK] [385/1200, Elapsed 22.3min, Remaining 47.1min]
  Trial 26/30: [FAIL] [386/1200, Elapsed 22.3min, Remaining 47.1min]
  Trial 27/30: [OK] [387/1200, Elapsed 22.4min, Remaining 47.0min]
  Trial 28/30: [OK] [388/1200, Elapsed 22.4min, Remaining 46.8min]
  Trial 29/30: [FAIL] [389/1200, Elapsed 22.5min, Remaining 46.8min]
  Trial 30/30: [OK] [390/1200, Elapsed 22.5min, Remaining 46.8min]

PID配置: Kd_0.08 (Kp=0.25, Ki=0.04, Kd=0.08)
  Trial 1/30: [OK] [391/1200, Elapsed 22.6min, Remaining 46.7min]
  Trial 2/30: [OK] [392/1200, Elapsed 22.6min, Remaining 46.5min]
  Trial 3/30: [OK] [393/1200, Elapsed 22.6min, Remaining 46.4min]
  Trial 4/30: [OK] [394/1200, Elapsed 22.7min, Remaining 46.4min]
  Trial 5/30: [OK] [395/1200, Elapsed 22.8min, Remaining 46.4min]
  Trial 6/30: [FAIL] [396/1200, Elapsed 22.8min, Remaining 46.4min]
  Trial 7/30: [OK] [397/1200, Elapsed 22.9min, Remaining 46.3min]
  Trial 8/30: [OK] [398/1200, Elapsed 23.0min, Remaining 46.3min]
  Trial 9/30: [OK] [399/1200, Elapsed 23.1min, Remaining 46.3min]
  Trial 10/30: [OK] [400/1200, Elapsed 23.1min, Remaining 46.2min]
  Trial 11/30: [OK] [401/1200, Elapsed 23.1min, Remaining 46.1min]
  Trial 12/30: [FAIL] [402/1200, Elapsed 23.2min, Remaining 46.1min]
  Trial 13/30: [OK] [403/1200, Elapsed 23.3min, Remaining 46.0min]
  Trial 14/30: [OK] [404/1200, Elapsed 23.3min, Remaining 45.9min]
  Trial 15/30: [FAIL] [405/1200, Elapsed 23.4min, Remaining 45.9min]
  Trial 16/30: [OK] [406/1200, Elapsed 23.4min, Remaining 45.8min]
  Trial 17/30: [FAIL] [407/1200, Elapsed 23.5min, Remaining 45.8min]
  Trial 18/30: [OK] [408/1200, Elapsed 23.5min, Remaining 45.6min]
  Trial 19/30: [OK] [409/1200, Elapsed 23.6min, Remaining 45.6min]
  Trial 20/30: [OK] [410/1200, Elapsed 23.6min, Remaining 45.6min]
  Trial 21/30: [OK] [411/1200, Elapsed 23.7min, Remaining 45.4min]
  Trial 22/30: [OK] [412/1200, Elapsed 23.7min, Remaining 45.4min]
  Trial 23/30: [OK] [413/1200, Elapsed 23.8min, Remaining 45.3min]
  Trial 24/30: [OK] [414/1200, Elapsed 23.8min, Remaining 45.3min]
  Trial 25/30: [FAIL] [415/1200, Elapsed 23.9min, Remaining 45.2min]
  Trial 26/30: [OK] [416/1200, Elapsed 24.0min, Remaining 45.1min]
  Trial 27/30: [OK] [417/1200, Elapsed 24.0min, Remaining 45.0min]
  Trial 28/30: [OK] [418/1200, Elapsed 24.1min, Remaining 45.0min]
  Trial 29/30: [FAIL] [419/1200, Elapsed 24.1min, Remaining 45.0min]
  Trial 30/30: [OK] [420/1200, Elapsed 24.2min, Remaining 44.9min]

PID配置: Kd_0.12 (Kp=0.25, Ki=0.04, Kd=0.12)
  Trial 1/30: [OK] [421/1200, Elapsed 24.3min, Remaining 44.9min]
  Trial 2/30: [OK] [422/1200, Elapsed 24.3min, Remaining 44.8min]
  Trial 3/30: [OK] [423/1200, Elapsed 24.4min, Remaining 44.8min]
  Trial 4/30: [OK] [424/1200, Elapsed 24.4min, Remaining 44.7min]
  Trial 5/30: [OK] [425/1200, Elapsed 24.5min, Remaining 44.6min]
  Trial 6/30: [OK] [426/1200, Elapsed 24.5min, Remaining 44.6min]
  Trial 7/30: [OK] [427/1200, Elapsed 24.6min, Remaining 44.6min]
  Trial 8/30: [FAIL] [428/1200, Elapsed 24.7min, Remaining 44.5min]
  Trial 9/30: [OK] [429/1200, Elapsed 24.7min, Remaining 44.5min]
  Trial 10/30: [FAIL] [430/1200, Elapsed 24.8min, Remaining 44.5min]
  Trial 11/30: [FAIL] [431/1200, Elapsed 24.9min, Remaining 44.4min]
  Trial 12/30: [OK] [432/1200, Elapsed 25.0min, Remaining 44.4min]
  Trial 13/30: [OK] [433/1200, Elapsed 25.0min, Remaining 44.2min]
  Trial 14/30: [FAIL] [434/1200, Elapsed 25.0min, Remaining 44.2min]
  Trial 15/30: [OK] [435/1200, Elapsed 25.1min, Remaining 44.2min]
  Trial 16/30: [OK] [436/1200, Elapsed 25.2min, Remaining 44.1min]
  Trial 17/30: [OK] [437/1200, Elapsed 25.2min, Remaining 44.0min]
  Trial 18/30: [FAIL] [438/1200, Elapsed 25.3min, Remaining 44.0min]
  Trial 19/30: [OK] [439/1200, Elapsed 25.3min, Remaining 43.9min]
  Trial 20/30: [OK] [440/1200, Elapsed 25.4min, Remaining 43.9min]
  Trial 21/30: [FAIL] [441/1200, Elapsed 25.5min, Remaining 43.8min]
  Trial 22/30: [OK] [442/1200, Elapsed 25.6min, Remaining 43.8min]
  Trial 23/30: [OK] [443/1200, Elapsed 25.6min, Remaining 43.8min]
  Trial 24/30: [FAIL] [444/1200, Elapsed 25.7min, Remaining 43.8min]
  Trial 25/30: [OK] [445/1200, Elapsed 25.8min, Remaining 43.7min]
  Trial 26/30: [FAIL] [446/1200, Elapsed 25.8min, Remaining 43.7min]
  Trial 27/30: [OK] [447/1200, Elapsed 25.9min, Remaining 43.6min]
  Trial 28/30: [OK] [448/1200, Elapsed 25.9min, Remaining 43.5min]
  Trial 29/30: [OK] [449/1200, Elapsed 25.9min, Remaining 43.4min]
  Trial 30/30: [OK] [450/1200, Elapsed 26.0min, Remaining 43.3min]

PID配置: Kd_0.14 (Kp=0.25, Ki=0.04, Kd=0.14)
  Trial 1/30: [FAIL] [451/1200, Elapsed 26.0min, Remaining 43.2min]
  Trial 2/30: [OK] [452/1200, Elapsed 26.1min, Remaining 43.2min]
  Trial 3/30: [OK] [453/1200, Elapsed 26.2min, Remaining 43.1min]
  Trial 4/30: [OK] [454/1200, Elapsed 26.2min, Remaining 43.1min]
  Trial 5/30: [FAIL] [455/1200, Elapsed 26.3min, Remaining 43.0min]
  Trial 6/30: [OK] [456/1200, Elapsed 26.3min, Remaining 42.9min]
  Trial 7/30: [OK] [457/1200, Elapsed 26.4min, Remaining 42.9min]
  Trial 8/30: [OK] [458/1200, Elapsed 26.4min, Remaining 42.8min]
  Trial 9/30: [OK] [459/1200, Elapsed 26.4min, Remaining 42.7min]
  Trial 10/30: [OK] [460/1200, Elapsed 26.5min, Remaining 42.7min]
  Trial 11/30: [OK] [461/1200, Elapsed 26.6min, Remaining 42.6min]
  Trial 12/30: [OK] [462/1200, Elapsed 26.6min, Remaining 42.5min]
  Trial 13/30: [FAIL] [463/1200, Elapsed 26.7min, Remaining 42.5min]
  Trial 14/30: [FAIL] [464/1200, Elapsed 26.8min, Remaining 42.4min]
  Trial 15/30: [OK] [465/1200, Elapsed 26.8min, Remaining 42.3min]
  Trial 16/30: [OK] [466/1200, Elapsed 26.8min, Remaining 42.3min]
  Trial 17/30: [OK] [467/1200, Elapsed 26.9min, Remaining 42.2min]
  Trial 18/30: [OK] [468/1200, Elapsed 26.9min, Remaining 42.1min]
  Trial 19/30: [OK] [469/1200, Elapsed 27.0min, Remaining 42.1min]
  Trial 20/30: [FAIL] [470/1200, Elapsed 27.1min, Remaining 42.0min]
  Trial 21/30: [OK] [471/1200, Elapsed 27.1min, Remaining 42.0min]
  Trial 22/30: [FAIL] [472/1200, Elapsed 27.2min, Remaining 42.0min]
  Trial 23/30: [OK] [473/1200, Elapsed 27.2min, Remaining 41.9min]
  Trial 24/30: [OK] [474/1200, Elapsed 27.3min, Remaining 41.8min]
  Trial 25/30: [OK] [475/1200, Elapsed 27.4min, Remaining 41.8min]
  Trial 26/30: [OK] [476/1200, Elapsed 27.4min, Remaining 41.7min]
  Trial 27/30: [OK] [477/1200, Elapsed 27.4min, Remaining 41.6min]
  Trial 28/30: [OK] [478/1200, Elapsed 27.5min, Remaining 41.5min]
  Trial 29/30: [OK] [479/1200, Elapsed 27.5min, Remaining 41.4min]
  Trial 30/30: [OK] [480/1200, Elapsed 27.6min, Remaining 41.4min]

PID配置: All_Low (Kp=0.10, Ki=0.02, Kd=0.06)
  Trial 1/30: [OK] [481/1200, Elapsed 27.6min, Remaining 41.3min]
  Trial 2/30: [OK] [482/1200, Elapsed 27.7min, Remaining 41.3min]
  Trial 3/30: [FAIL] [483/1200, Elapsed 27.8min, Remaining 41.2min]
  Trial 4/30: [FAIL] [484/1200, Elapsed 27.9min, Remaining 41.2min]
  Trial 5/30: [OK] [485/1200, Elapsed 27.9min, Remaining 41.2min]
  Trial 6/30: [OK] [486/1200, Elapsed 28.0min, Remaining 41.1min]
  Trial 7/30: [OK] [487/1200, Elapsed 28.1min, Remaining 41.1min]
  Trial 8/30: [OK] [488/1200, Elapsed 28.1min, Remaining 41.0min]
  Trial 9/30: [OK] [489/1200, Elapsed 28.1min, Remaining 40.9min]
  Trial 10/30: [FAIL] [490/1200, Elapsed 28.2min, Remaining 40.8min]
  Trial 11/30: [OK] [491/1200, Elapsed 28.2min, Remaining 40.8min]
  Trial 12/30: [OK] [492/1200, Elapsed 28.3min, Remaining 40.7min]
  Trial 13/30: [OK] [493/1200, Elapsed 28.4min, Remaining 40.7min]
  Trial 14/30: [FAIL] [494/1200, Elapsed 28.4min, Remaining 40.6min]
  Trial 15/30: [OK] [495/1200, Elapsed 28.5min, Remaining 40.6min]
  Trial 16/30: [FAIL] [496/1200, Elapsed 28.6min, Remaining 40.5min]
  Trial 17/30: [OK] [497/1200, Elapsed 28.6min, Remaining 40.5min]
  Trial 18/30: [OK] [498/1200, Elapsed 28.6min, Remaining 40.4min]
  Trial 19/30: [FAIL] [499/1200, Elapsed 28.7min, Remaining 40.3min]
  Trial 20/30: [OK] [500/1200, Elapsed 28.8min, Remaining 40.3min]
  Trial 21/30: [FAIL] [501/1200, Elapsed 28.8min, Remaining 40.2min]
  Trial 22/30: [FAIL] [502/1200, Elapsed 28.9min, Remaining 40.2min]
  Trial 23/30: [FAIL] [503/1200, Elapsed 29.0min, Remaining 40.2min]
  Trial 24/30: [OK] [504/1200, Elapsed 29.0min, Remaining 40.1min]
  Trial 25/30: [FAIL] [505/1200, Elapsed 29.1min, Remaining 40.1min]
  Trial 26/30: [OK] [506/1200, Elapsed 29.2min, Remaining 40.0min]
  Trial 27/30: [OK] [507/1200, Elapsed 29.2min, Remaining 39.9min]
  Trial 28/30: [FAIL] [508/1200, Elapsed 29.3min, Remaining 39.9min]
  Trial 29/30: [OK] [509/1200, Elapsed 29.4min, Remaining 39.9min]
  Trial 30/30: [OK] [510/1200, Elapsed 29.4min, Remaining 39.8min]

PID配置: All_High (Kp=0.40, Ki=0.06, Kd=0.14)
  Trial 1/30: [FAIL] [511/1200, Elapsed 29.5min, Remaining 39.8min]
  Trial 2/30: [FAIL] [512/1200, Elapsed 29.6min, Remaining 39.7min]
  Trial 3/30: [FAIL] [513/1200, Elapsed 29.6min, Remaining 39.7min]
  Trial 4/30: [OK] [514/1200, Elapsed 29.7min, Remaining 39.6min]
  Trial 5/30: [FAIL] [515/1200, Elapsed 29.8min, Remaining 39.6min]
  Trial 6/30: [OK] [516/1200, Elapsed 29.8min, Remaining 39.5min]
  Trial 7/30: [OK] [517/1200, Elapsed 29.8min, Remaining 39.4min]
  Trial 8/30: [FAIL] [518/1200, Elapsed 29.9min, Remaining 39.4min]
  Trial 9/30: [OK] [519/1200, Elapsed 30.0min, Remaining 39.3min]
  Trial 10/30: [FAIL] [520/1200, Elapsed 30.0min, Remaining 39.3min]
  Trial 11/30: [FAIL] [521/1200, Elapsed 30.1min, Remaining 39.2min]
  Trial 12/30: [OK] [522/1200, Elapsed 30.2min, Remaining 39.2min]
  Trial 13/30: [OK] [523/1200, Elapsed 30.2min, Remaining 39.1min]
  Trial 14/30: [OK] [524/1200, Elapsed 30.3min, Remaining 39.1min]
  Trial 15/30: [FAIL] [525/1200, Elapsed 30.4min, Remaining 39.1min]
  Trial 16/30: [FAIL] [526/1200, Elapsed 30.4min, Remaining 39.0min]
  Trial 17/30: [OK] [527/1200, Elapsed 30.5min, Remaining 38.9min]
  Trial 18/30: [OK] [528/1200, Elapsed 30.5min, Remaining 38.8min]
  Trial 19/30: [OK] [529/1200, Elapsed 30.6min, Remaining 38.8min]
  Trial 20/30: [FAIL] [530/1200, Elapsed 30.7min, Remaining 38.8min]
  Trial 21/30: [FAIL] [531/1200, Elapsed 30.7min, Remaining 38.7min]
  Trial 22/30: [OK] [532/1200, Elapsed 30.8min, Remaining 38.6min]
  Trial 23/30: [OK] [533/1200, Elapsed 30.8min, Remaining 38.5min]
  Trial 24/30: [FAIL] [534/1200, Elapsed 30.9min, Remaining 38.5min]
  Trial 25/30: [OK] [535/1200, Elapsed 31.0min, Remaining 38.5min]
  Trial 26/30: [OK] [536/1200, Elapsed 31.0min, Remaining 38.4min]
  Trial 27/30: [FAIL] [537/1200, Elapsed 31.1min, Remaining 38.4min]
  Trial 28/30: [OK] [538/1200, Elapsed 31.1min, Remaining 38.3min]
  Trial 29/30: [OK] [539/1200, Elapsed 31.2min, Remaining 38.2min]
  Trial 30/30: [OK] [540/1200, Elapsed 31.2min, Remaining 38.2min]

PID配置: High_Kp_Kd (Kp=0.35, Ki=0.02, Kd=0.14)
  Trial 1/30: [OK] [541/1200, Elapsed 31.3min, Remaining 38.1min]
  Trial 2/30: [FAIL] [542/1200, Elapsed 31.4min, Remaining 38.1min]
  Trial 3/30: [FAIL] [543/1200, Elapsed 31.4min, Remaining 38.0min]
  Trial 4/30: [OK] [544/1200, Elapsed 31.5min, Remaining 38.0min]
  Trial 5/30: [OK] [545/1200, Elapsed 31.5min, Remaining 37.9min]
  Trial 6/30: [OK] [546/1200, Elapsed 31.6min, Remaining 37.8min]
  Trial 7/30: [FAIL] [547/1200, Elapsed 31.6min, Remaining 37.8min]
  Trial 8/30: [OK] [548/1200, Elapsed 31.7min, Remaining 37.7min]
  Trial 9/30: [OK] [549/1200, Elapsed 31.7min, Remaining 37.6min]
  Trial 10/30: [OK] [550/1200, Elapsed 31.8min, Remaining 37.6min]
  Trial 11/30: [OK] [551/1200, Elapsed 31.8min, Remaining 37.5min]
  Trial 12/30: [OK] [552/1200, Elapsed 31.9min, Remaining 37.4min]
  Trial 13/30: [FAIL] [553/1200, Elapsed 32.0min, Remaining 37.4min]
  Trial 14/30: [OK] [554/1200, Elapsed 32.0min, Remaining 37.3min]
  Trial 15/30: [OK] [555/1200, Elapsed 32.0min, Remaining 37.2min]
  Trial 16/30: [FAIL] [556/1200, Elapsed 32.1min, Remaining 37.2min]
  Trial 17/30: [OK] [557/1200, Elapsed 32.2min, Remaining 37.1min]
  Trial 18/30: [FAIL] [558/1200, Elapsed 32.3min, Remaining 37.1min]
  Trial 19/30: [OK] [559/1200, Elapsed 32.3min, Remaining 37.0min]
  Trial 20/30: [FAIL] [560/1200, Elapsed 32.4min, Remaining 37.0min]
  Trial 21/30: [FAIL] [561/1200, Elapsed 32.4min, Remaining 36.9min]
  Trial 22/30: [OK] [562/1200, Elapsed 32.5min, Remaining 36.9min]
  Trial 23/30: [FAIL] [563/1200, Elapsed 32.6min, Remaining 36.8min]
  Trial 24/30: [OK] [564/1200, Elapsed 32.6min, Remaining 36.8min]
  Trial 25/30: [OK] [565/1200, Elapsed 32.7min, Remaining 36.7min]
  Trial 26/30: [OK] [566/1200, Elapsed 32.8min, Remaining 36.7min]
  Trial 27/30: [OK] [567/1200, Elapsed 32.8min, Remaining 36.6min]
  Trial 28/30: [OK] [568/1200, Elapsed 32.8min, Remaining 36.5min]
  Trial 29/30: [OK] [569/1200, Elapsed 32.8min, Remaining 36.4min]
  Trial 30/30: [FAIL] [570/1200, Elapsed 32.9min, Remaining 36.4min]

PID配置: High_Ki (Kp=0.15, Ki=0.06, Kd=0.08)
  Trial 1/30: [FAIL] [571/1200, Elapsed 33.0min, Remaining 36.3min]
  Trial 2/30: [OK] [572/1200, Elapsed 33.0min, Remaining 36.3min]
  Trial 3/30: [FAIL] [573/1200, Elapsed 33.1min, Remaining 36.2min]
  Trial 4/30: [OK] [574/1200, Elapsed 33.2min, Remaining 36.2min]
  Trial 5/30: [FAIL] [575/1200, Elapsed 33.3min, Remaining 36.1min]
  Trial 6/30: [OK] [576/1200, Elapsed 33.3min, Remaining 36.1min]
  Trial 7/30: [FAIL] [577/1200, Elapsed 33.4min, Remaining 36.1min]
  Trial 8/30: [OK] [578/1200, Elapsed 33.5min, Remaining 36.0min]
  Trial 9/30: [OK] [579/1200, Elapsed 33.5min, Remaining 36.0min]
  Trial 10/30: [FAIL] [580/1200, Elapsed 33.6min, Remaining 35.9min]
  Trial 11/30: [OK] [581/1200, Elapsed 33.6min, Remaining 35.8min]
  Trial 12/30: [OK] [582/1200, Elapsed 33.7min, Remaining 35.8min]
  Trial 13/30: [FAIL] [583/1200, Elapsed 33.8min, Remaining 35.8min]
  Trial 14/30: [FAIL] [584/1200, Elapsed 33.9min, Remaining 35.7min]
  Trial 15/30: [OK] [585/1200, Elapsed 33.9min, Remaining 35.7min]
  Trial 16/30: [FAIL] [586/1200, Elapsed 34.0min, Remaining 35.6min]
  Trial 17/30: [FAIL] [587/1200, Elapsed 34.1min, Remaining 35.6min]
  Trial 18/30: [OK] [588/1200, Elapsed 34.1min, Remaining 35.5min]
  Trial 19/30: [FAIL] [589/1200, Elapsed 34.2min, Remaining 35.5min]
  Trial 20/30: [OK] [590/1200, Elapsed 34.2min, Remaining 35.4min]
  Trial 21/30: [OK] [591/1200, Elapsed 34.3min, Remaining 35.3min]
  Trial 22/30: [OK] [592/1200, Elapsed 34.3min, Remaining 35.2min]
  Trial 23/30: [OK] [593/1200, Elapsed 34.3min, Remaining 35.1min]
  Trial 24/30: [FAIL] [594/1200, Elapsed 34.4min, Remaining 35.1min]
  Trial 25/30: [FAIL] [595/1200, Elapsed 34.5min, Remaining 35.1min]
  Trial 26/30: [FAIL] [596/1200, Elapsed 34.6min, Remaining 35.0min]
  Trial 27/30: [OK] [597/1200, Elapsed 34.6min, Remaining 34.9min]
  Trial 28/30: [OK] [598/1200, Elapsed 34.6min, Remaining 34.9min]
  Trial 29/30: [FAIL] [599/1200, Elapsed 34.7min, Remaining 34.8min]
  Trial 30/30: [OK] [600/1200, Elapsed 34.7min, Remaining 34.7min]

======================================================================
场景: 三维高密度场景 (迭代限制: 1200)
======================================================================

PID配置: Kp_0.10 (Kp=0.10, Ki=0.04, Kd=0.10)
  Trial 1/30: [OK] [601/1200, Elapsed 34.9min, Remaining 34.8min]
  Trial 2/30: [OK] [602/1200, Elapsed 35.1min, Remaining 34.9min]
  Trial 3/30: [OK] [603/1200, Elapsed 35.4min, Remaining 35.0min]
  Trial 4/30: [OK] [604/1200, Elapsed 35.6min, Remaining 35.1min]
  Trial 5/30: [OK] [605/1200, Elapsed 35.8min, Remaining 35.2min]
  Trial 6/30: [OK] [606/1200, Elapsed 36.0min, Remaining 35.2min]
  Trial 7/30: [OK] [607/1200, Elapsed 36.2min, Remaining 35.3min]
  Trial 8/30: [OK] [608/1200, Elapsed 36.4min, Remaining 35.4min]
  Trial 9/30: [OK] [609/1200, Elapsed 36.6min, Remaining 35.5min]
  Trial 10/30: [OK] [610/1200, Elapsed 36.8min, Remaining 35.6min]
  Trial 11/30: [OK] [611/1200, Elapsed 37.0min, Remaining 35.6min]
  Trial 12/30: [OK] [612/1200, Elapsed 37.2min, Remaining 35.7min]
  Trial 13/30: [OK] [613/1200, Elapsed 37.4min, Remaining 35.8min]
  Trial 14/30: [OK] [614/1200, Elapsed 37.6min, Remaining 35.9min]
  Trial 15/30: [OK] [615/1200, Elapsed 37.8min, Remaining 35.9min]
  Trial 16/30: [OK] [616/1200, Elapsed 38.0min, Remaining 36.0min]
  Trial 17/30: [OK] [617/1200, Elapsed 38.2min, Remaining 36.1min]
  Trial 18/30: [OK] [618/1200, Elapsed 38.4min, Remaining 36.2min]
  Trial 19/30: [OK] [619/1200, Elapsed 38.6min, Remaining 36.2min]
  Trial 20/30: [OK] [620/1200, Elapsed 38.8min, Remaining 36.3min]
  Trial 21/30: [OK] [621/1200, Elapsed 39.0min, Remaining 36.4min]
  Trial 22/30: [OK] [622/1200, Elapsed 39.2min, Remaining 36.4min]
  Trial 23/30: [OK] [623/1200, Elapsed 39.4min, Remaining 36.5min]
  Trial 24/30: [OK] [624/1200, Elapsed 39.6min, Remaining 36.5min]
  Trial 25/30: [OK] [625/1200, Elapsed 39.8min, Remaining 36.6min]
  Trial 26/30: [OK] [626/1200, Elapsed 40.0min, Remaining 36.7min]
  Trial 27/30: [OK] [627/1200, Elapsed 40.2min, Remaining 36.7min]
  Trial 28/30: [OK] [628/1200, Elapsed 40.4min, Remaining 36.8min]
  Trial 29/30: [OK] [629/1200, Elapsed 40.6min, Remaining 36.9min]
  Trial 30/30: [OK] [630/1200, Elapsed 40.8min, Remaining 36.9min]

PID配置: Kp_0.15 (Kp=0.15, Ki=0.04, Kd=0.10)
  Trial 1/30: [OK] [631/1200, Elapsed 41.0min, Remaining 37.0min]
  Trial 2/30: [OK] [632/1200, Elapsed 41.2min, Remaining 37.0min]
  Trial 3/30: [OK] [633/1200, Elapsed 41.4min, Remaining 37.1min]
  Trial 4/30: [OK] [634/1200, Elapsed 41.6min, Remaining 37.1min]
  Trial 5/30: [OK] [635/1200, Elapsed 41.8min, Remaining 37.2min]
  Trial 6/30: [OK] [636/1200, Elapsed 42.0min, Remaining 37.3min]
  Trial 7/30: [OK] [637/1200, Elapsed 42.2min, Remaining 37.3min]
  Trial 8/30: [OK] [638/1200, Elapsed 42.4min, Remaining 37.4min]
  Trial 9/30: [OK] [639/1200, Elapsed 42.6min, Remaining 37.4min]
  Trial 10/30: [OK] [640/1200, Elapsed 42.8min, Remaining 37.5min]
  Trial 11/30: [OK] [641/1200, Elapsed 43.0min, Remaining 37.5min]
  Trial 12/30: [OK] [642/1200, Elapsed 43.2min, Remaining 37.5min]
  Trial 13/30: [OK] [643/1200, Elapsed 43.4min, Remaining 37.6min]
  Trial 14/30: [OK] [644/1200, Elapsed 43.6min, Remaining 37.6min]
  Trial 15/30: [OK] [645/1200, Elapsed 43.6min, Remaining 37.6min]
  Trial 16/30: [OK] [646/1200, Elapsed 43.8min, Remaining 37.6min]
  Trial 17/30: [OK] [647/1200, Elapsed 44.0min, Remaining 37.6min]
  Trial 18/30: [OK] [648/1200, Elapsed 44.2min, Remaining 37.7min]
  Trial 19/30: [OK] [649/1200, Elapsed 44.5min, Remaining 37.7min]
  Trial 20/30: [OK] [650/1200, Elapsed 44.5min, Remaining 37.6min]
  Trial 21/30: [OK] [651/1200, Elapsed 44.7min, Remaining 37.7min]
  Trial 22/30: [OK] [652/1200, Elapsed 44.9min, Remaining 37.7min]
  Trial 23/30: [OK] [653/1200, Elapsed 45.1min, Remaining 37.8min]
  Trial 24/30: [OK] [654/1200, Elapsed 45.1min, Remaining 37.7min]
  Trial 25/30: [OK] [655/1200, Elapsed 45.3min, Remaining 37.7min]
  Trial 26/30: [OK] [656/1200, Elapsed 45.4min, Remaining 37.6min]
  Trial 27/30: [OK] [657/1200, Elapsed 45.5min, Remaining 37.6min]
  Trial 28/30: [OK] [658/1200, Elapsed 45.7min, Remaining 37.6min]
  Trial 29/30: [OK] [659/1200, Elapsed 45.9min, Remaining 37.7min]
  Trial 30/30: [OK] [660/1200, Elapsed 46.1min, Remaining 37.7min]

PID配置: Kp_0.20 (Kp=0.20, Ki=0.04, Kd=0.10)
  Trial 1/30: [OK] [661/1200, Elapsed 46.3min, Remaining 37.7min]
  Trial 2/30: [OK] [662/1200, Elapsed 46.5min, Remaining 37.8min]
  Trial 3/30: [OK] [663/1200, Elapsed 46.7min, Remaining 37.8min]
  Trial 4/30: [OK] [664/1200, Elapsed 46.7min, Remaining 37.7min]
  Trial 5/30: [OK] [665/1200, Elapsed 46.9min, Remaining 37.7min]
  Trial 6/30: [OK] [666/1200, Elapsed 47.1min, Remaining 37.8min]
  Trial 7/30: [OK] [667/1200, Elapsed 47.3min, Remaining 37.8min]
  Trial 8/30: [OK] [668/1200, Elapsed 47.3min, Remaining 37.7min]
  Trial 9/30: [OK] [669/1200, Elapsed 47.5min, Remaining 37.7min]
  Trial 10/30: [OK] [670/1200, Elapsed 47.7min, Remaining 37.8min]
  Trial 11/30: [OK] [671/1200, Elapsed 47.8min, Remaining 37.7min]
  Trial 12/30: [OK] [672/1200, Elapsed 48.0min, Remaining 37.7min]
  Trial 13/30: [OK] [673/1200, Elapsed 48.2min, Remaining 37.8min]
  Trial 14/30: [OK] [674/1200, Elapsed 48.4min, Remaining 37.8min]
  Trial 15/30: [OK] [675/1200, Elapsed 48.5min, Remaining 37.7min]
  Trial 16/30: [OK] [676/1200, Elapsed 48.6min, Remaining 37.6min]
  Trial 17/30: [OK] [677/1200, Elapsed 48.8min, Remaining 37.7min]
  Trial 18/30: [OK] [678/1200, Elapsed 49.0min, Remaining 37.7min]
  Trial 19/30: [OK] [679/1200, Elapsed 49.2min, Remaining 37.7min]
  Trial 20/30: [OK] [680/1200, Elapsed 49.4min, Remaining 37.8min]
  Trial 21/30: [OK] [681/1200, Elapsed 49.6min, Remaining 37.8min]
  Trial 22/30: [OK] [682/1200, Elapsed 49.8min, Remaining 37.8min]
  Trial 23/30: [OK] [683/1200, Elapsed 49.9min, Remaining 37.7min]
  Trial 24/30: [OK] [684/1200, Elapsed 50.1min, Remaining 37.8min]
  Trial 25/30: [OK] [685/1200, Elapsed 50.3min, Remaining 37.8min]
  Trial 26/30: [OK] [686/1200, Elapsed 50.3min, Remaining 37.7min]
  Trial 27/30: [OK] [687/1200, Elapsed 50.5min, Remaining 37.7min]
  Trial 28/30: [OK] [688/1200, Elapsed 50.6min, Remaining 37.7min]
  Trial 29/30: [OK] [689/1200, Elapsed 50.7min, Remaining 37.6min]
  Trial 30/30: [OK] [690/1200, Elapsed 50.9min, Remaining 37.6min]

PID配置: Kp_0.25 (Kp=0.25, Ki=0.04, Kd=0.10)
  Trial 1/30: [OK] [691/1200, Elapsed 51.1min, Remaining 37.6min]
  Trial 2/30: [OK] [692/1200, Elapsed 51.3min, Remaining 37.7min]
  Trial 3/30: [OK] [693/1200, Elapsed 51.5min, Remaining 37.7min]
  Trial 4/30: [OK] [694/1200, Elapsed 51.6min, Remaining 37.6min]
  Trial 5/30: [OK] [695/1200, Elapsed 51.8min, Remaining 37.6min]
  Trial 6/30: [OK] [696/1200, Elapsed 51.8min, Remaining 37.5min]
  Trial 7/30: [OK] [697/1200, Elapsed 52.0min, Remaining 37.6min]
  Trial 8/30: [OK] [698/1200, Elapsed 52.2min, Remaining 37.6min]
  Trial 9/30: [OK] [699/1200, Elapsed 52.4min, Remaining 37.6min]
  Trial 10/30: [OK] [700/1200, Elapsed 52.6min, Remaining 37.6min]
  Trial 11/30: [OK] [701/1200, Elapsed 52.8min, Remaining 37.6min]
  Trial 12/30: [OK] [702/1200, Elapsed 53.0min, Remaining 37.6min]
  Trial 13/30: [OK] [703/1200, Elapsed 53.2min, Remaining 37.6min]
  Trial 14/30: [OK] [704/1200, Elapsed 53.4min, Remaining 37.7min]
  Trial 15/30: [OK] [705/1200, Elapsed 53.7min, Remaining 37.7min]
  Trial 16/30: [OK] [706/1200, Elapsed 53.9min, Remaining 37.7min]
  Trial 17/30: [OK] [707/1200, Elapsed 54.1min, Remaining 37.7min]
  Trial 18/30: [OK] [708/1200, Elapsed 54.3min, Remaining 37.7min]
  Trial 19/30: [OK] [709/1200, Elapsed 54.5min, Remaining 37.7min]
  Trial 20/30: [OK] [710/1200, Elapsed 54.5min, Remaining 37.6min]
  Trial 21/30: [OK] [711/1200, Elapsed 54.7min, Remaining 37.6min]
  Trial 22/30: [OK] [712/1200, Elapsed 54.9min, Remaining 37.6min]
  Trial 23/30: [OK] [713/1200, Elapsed 55.1min, Remaining 37.6min]
  Trial 24/30: [OK] [714/1200, Elapsed 55.3min, Remaining 37.6min]
  Trial 25/30: [OK] [715/1200, Elapsed 55.5min, Remaining 37.7min]
  Trial 26/30: [OK] [716/1200, Elapsed 55.7min, Remaining 37.7min]
  Trial 27/30: [OK] [717/1200, Elapsed 55.9min, Remaining 37.7min]
  Trial 28/30: [OK] [718/1200, Elapsed 56.1min, Remaining 37.7min]
  Trial 29/30: [OK] [719/1200, Elapsed 56.3min, Remaining 37.7min]
  Trial 30/30: [OK] [720/1200, Elapsed 56.5min, Remaining 37.7min]

PID配置: Kp_0.30 (Kp=0.30, Ki=0.04, Kd=0.10)
  Trial 1/30: [OK] [721/1200, Elapsed 56.7min, Remaining 37.7min]
  Trial 2/30: [OK] [722/1200, Elapsed 56.9min, Remaining 37.7min]
  Trial 3/30: [OK] [723/1200, Elapsed 57.1min, Remaining 37.7min]
  Trial 4/30: [OK] [724/1200, Elapsed 57.3min, Remaining 37.7min]
  Trial 5/30: [OK] [725/1200, Elapsed 57.5min, Remaining 37.7min]
  Trial 6/30: [OK] [726/1200, Elapsed 57.7min, Remaining 37.7min]
  Trial 7/30: [OK] [727/1200, Elapsed 57.9min, Remaining 37.7min]
  Trial 8/30: [OK] [728/1200, Elapsed 58.2min, Remaining 37.7min]
  Trial 9/30: [OK] [729/1200, Elapsed 58.4min, Remaining 37.7min]
  Trial 10/30: [OK] [730/1200, Elapsed 58.6min, Remaining 37.7min]
  Trial 11/30: [OK] [731/1200, Elapsed 58.8min, Remaining 37.7min]
  Trial 12/30: [OK] [732/1200, Elapsed 58.8min, Remaining 37.6min]
  Trial 13/30: [OK] [733/1200, Elapsed 59.0min, Remaining 37.6min]
  Trial 14/30: [OK] [734/1200, Elapsed 59.2min, Remaining 37.6min]
  Trial 15/30: [OK] [735/1200, Elapsed 59.4min, Remaining 37.6min]
  Trial 16/30: [OK] [736/1200, Elapsed 59.6min, Remaining 37.6min]
  Trial 17/30: [OK] [737/1200, Elapsed 59.8min, Remaining 37.6min]
  Trial 18/30: [OK] [738/1200, Elapsed 60.0min, Remaining 37.6min]
  Trial 19/30: [OK] [739/1200, Elapsed 60.0min, Remaining 37.4min]
  Trial 20/30: [OK] [740/1200, Elapsed 60.2min, Remaining 37.4min]
  Trial 21/30: [OK] [741/1200, Elapsed 60.4min, Remaining 37.4min]
  Trial 22/30: [OK] [742/1200, Elapsed 60.6min, Remaining 37.4min]
  Trial 23/30: [OK] [743/1200, Elapsed 60.8min, Remaining 37.4min]
  Trial 24/30: [OK] [744/1200, Elapsed 61.0min, Remaining 37.4min]
  Trial 25/30: [OK] [745/1200, Elapsed 61.2min, Remaining 37.4min]
  Trial 26/30: [OK] [746/1200, Elapsed 61.4min, Remaining 37.4min]
  Trial 27/30: [OK] [747/1200, Elapsed 61.6min, Remaining 37.4min]
  Trial 28/30: [OK] [748/1200, Elapsed 61.9min, Remaining 37.4min]
  Trial 29/30: [OK] [749/1200, Elapsed 62.1min, Remaining 37.4min]
  Trial 30/30: [OK] [750/1200, Elapsed 62.3min, Remaining 37.4min]

PID配置: Kp_0.35 (Kp=0.35, Ki=0.04, Kd=0.10)
  Trial 1/30: [OK] [751/1200, Elapsed 62.5min, Remaining 37.3min]
  Trial 2/30: [OK] [752/1200, Elapsed 62.7min, Remaining 37.3min]
  Trial 3/30: [OK] [753/1200, Elapsed 62.8min, Remaining 37.3min]
  Trial 4/30: [OK] [754/1200, Elapsed 63.0min, Remaining 37.3min]
  Trial 5/30: [OK] [755/1200, Elapsed 63.1min, Remaining 37.2min]
  Trial 6/30: [OK] [756/1200, Elapsed 63.1min, Remaining 37.1min]
  Trial 7/30: [OK] [757/1200, Elapsed 63.3min, Remaining 37.1min]
  Trial 8/30: [OK] [758/1200, Elapsed 63.5min, Remaining 37.0min]
  Trial 9/30: [OK] [759/1200, Elapsed 63.7min, Remaining 37.0min]
  Trial 10/30: [OK] [760/1200, Elapsed 63.9min, Remaining 37.0min]
  Trial 11/30: [OK] [761/1200, Elapsed 64.1min, Remaining 37.0min]
  Trial 12/30: [OK] [762/1200, Elapsed 64.3min, Remaining 37.0min]
  Trial 13/30: [OK] [763/1200, Elapsed 64.4min, Remaining 36.9min]
  Trial 14/30: [OK] [764/1200, Elapsed 64.6min, Remaining 36.9min]
  Trial 15/30: [OK] [765/1200, Elapsed 64.7min, Remaining 36.8min]
  Trial 16/30: [OK] [766/1200, Elapsed 64.9min, Remaining 36.8min]
  Trial 17/30: [OK] [767/1200, Elapsed 65.1min, Remaining 36.7min]
  Trial 18/30: [OK] [768/1200, Elapsed 65.3min, Remaining 36.7min]
  Trial 19/30: [OK] [769/1200, Elapsed 65.5min, Remaining 36.7min]
  Trial 20/30: [OK] [770/1200, Elapsed 65.7min, Remaining 36.7min]
  Trial 21/30: [OK] [771/1200, Elapsed 65.9min, Remaining 36.7min]
  Trial 22/30: [OK] [772/1200, Elapsed 66.1min, Remaining 36.7min]
  Trial 23/30: [OK] [773/1200, Elapsed 66.3min, Remaining 36.6min]
  Trial 24/30: [OK] [774/1200, Elapsed 66.5min, Remaining 36.6min]
  Trial 25/30: [OK] [775/1200, Elapsed 66.7min, Remaining 36.6min]
  Trial 26/30: [OK] [776/1200, Elapsed 66.9min, Remaining 36.6min]
  Trial 27/30: [OK] [777/1200, Elapsed 67.0min, Remaining 36.5min]
  Trial 28/30: [OK] [778/1200, Elapsed 67.2min, Remaining 36.4min]
  Trial 29/30: [OK] [779/1200, Elapsed 67.2min, Remaining 36.3min]
  Trial 30/30: [OK] [780/1200, Elapsed 67.3min, Remaining 36.2min]

PID配置: Kp_0.40 (Kp=0.40, Ki=0.04, Kd=0.10)
  Trial 1/30: [OK] [781/1200, Elapsed 67.5min, Remaining 36.2min]
  Trial 2/30: [OK] [782/1200, Elapsed 67.7min, Remaining 36.2min]
  Trial 3/30: [OK] [783/1200, Elapsed 67.9min, Remaining 36.2min]
  Trial 4/30: [OK] [784/1200, Elapsed 68.1min, Remaining 36.1min]
  Trial 5/30: [OK] [785/1200, Elapsed 68.1min, Remaining 36.0min]
  Trial 6/30: [OK] [786/1200, Elapsed 68.2min, Remaining 35.9min]
  Trial 7/30: [OK] [787/1200, Elapsed 68.4min, Remaining 35.9min]
  Trial 8/30: [OK] [788/1200, Elapsed 68.6min, Remaining 35.9min]
  Trial 9/30: [OK] [789/1200, Elapsed 68.8min, Remaining 35.8min]
  Trial 10/30: [OK] [790/1200, Elapsed 69.0min, Remaining 35.8min]
  Trial 11/30: [OK] [791/1200, Elapsed 69.2min, Remaining 35.8min]
  Trial 12/30: [OK] [792/1200, Elapsed 69.4min, Remaining 35.7min]
  Trial 13/30: [OK] [793/1200, Elapsed 69.6min, Remaining 35.7min]
  Trial 14/30: [OK] [794/1200, Elapsed 69.8min, Remaining 35.7min]
  Trial 15/30: [OK] [795/1200, Elapsed 69.8min, Remaining 35.6min]
  Trial 16/30: [OK] [796/1200, Elapsed 69.9min, Remaining 35.5min]
  Trial 17/30: [OK] [797/1200, Elapsed 70.1min, Remaining 35.4min]
  Trial 18/30: [OK] [798/1200, Elapsed 70.3min, Remaining 35.4min]
  Trial 19/30: [OK] [799/1200, Elapsed 70.5min, Remaining 35.4min]
  Trial 20/30: [OK] [800/1200, Elapsed 70.7min, Remaining 35.4min]
  Trial 21/30: [OK] [801/1200, Elapsed 70.9min, Remaining 35.3min]
  Trial 22/30: [OK] [802/1200, Elapsed 71.1min, Remaining 35.3min]
  Trial 23/30: [OK] [803/1200, Elapsed 71.3min, Remaining 35.3min]
  Trial 24/30: [OK] [804/1200, Elapsed 71.6min, Remaining 35.2min]
  Trial 25/30: [OK] [805/1200, Elapsed 71.8min, Remaining 35.2min]
  Trial 26/30: [OK] [806/1200, Elapsed 71.8min, Remaining 35.1min]
  Trial 27/30: [OK] [807/1200, Elapsed 71.9min, Remaining 35.0min]
  Trial 28/30: [OK] [808/1200, Elapsed 72.1min, Remaining 35.0min]
  Trial 29/30: [OK] [809/1200, Elapsed 72.3min, Remaining 34.9min]
  Trial 30/30: [OK] [810/1200, Elapsed 72.5min, Remaining 34.9min]

PID配置: Ki_0.02 (Kp=0.25, Ki=0.02, Kd=0.10)
  Trial 1/30: [OK] [811/1200, Elapsed 72.7min, Remaining 34.9min]
  Trial 2/30: [OK] [812/1200, Elapsed 72.9min, Remaining 34.8min]
  Trial 3/30: [OK] [813/1200, Elapsed 73.1min, Remaining 34.8min]
  Trial 4/30: [OK] [814/1200, Elapsed 73.3min, Remaining 34.8min]
  Trial 5/30: [OK] [815/1200, Elapsed 73.5min, Remaining 34.7min]
  Trial 6/30: [OK] [816/1200, Elapsed 73.7min, Remaining 34.7min]
  Trial 7/30: [OK] [817/1200, Elapsed 73.9min, Remaining 34.7min]
  Trial 8/30: [OK] [818/1200, Elapsed 74.1min, Remaining 34.6min]
  Trial 9/30: [OK] [819/1200, Elapsed 74.3min, Remaining 34.6min]
  Trial 10/30: [OK] [820/1200, Elapsed 74.5min, Remaining 34.5min]
  Trial 11/30: [OK] [821/1200, Elapsed 74.7min, Remaining 34.5min]
  Trial 12/30: [OK] [822/1200, Elapsed 74.7min, Remaining 34.4min]
  Trial 13/30: [OK] [823/1200, Elapsed 74.7min, Remaining 34.2min]
  Trial 14/30: [OK] [824/1200, Elapsed 74.9min, Remaining 34.2min]
  Trial 15/30: [OK] [825/1200, Elapsed 75.1min, Remaining 34.2min]
  Trial 16/30: [OK] [826/1200, Elapsed 75.3min, Remaining 34.1min]
  Trial 17/30: [OK] [827/1200, Elapsed 75.5min, Remaining 34.1min]
  Trial 18/30: [OK] [828/1200, Elapsed 75.8min, Remaining 34.0min]
  Trial 19/30: [OK] [829/1200, Elapsed 76.0min, Remaining 34.0min]
  Trial 20/30: [OK] [830/1200, Elapsed 76.2min, Remaining 34.0min]
  Trial 21/30: [OK] [831/1200, Elapsed 76.4min, Remaining 33.9min]
  Trial 22/30: [OK] [832/1200, Elapsed 76.6min, Remaining 33.9min]
  Trial 23/30: [OK] [833/1200, Elapsed 76.8min, Remaining 33.8min]
  Trial 24/30: [OK] [834/1200, Elapsed 76.8min, Remaining 33.7min]
  Trial 25/30: [OK] [835/1200, Elapsed 77.0min, Remaining 33.7min]
  Trial 26/30: [OK] [836/1200, Elapsed 77.2min, Remaining 33.6min]
  Trial 27/30: [OK] [837/1200, Elapsed 77.4min, Remaining 33.6min]
  Trial 28/30: [OK] [838/1200, Elapsed 77.6min, Remaining 33.5min]
  Trial 29/30: [OK] [839/1200, Elapsed 77.8min, Remaining 33.5min]
  Trial 30/30: [OK] [840/1200, Elapsed 78.0min, Remaining 33.4min]

PID配置: Ki_0.03 (Kp=0.25, Ki=0.03, Kd=0.10)
  Trial 1/30: [OK] [841/1200, Elapsed 78.2min, Remaining 33.4min]
  Trial 2/30: [OK] [842/1200, Elapsed 78.4min, Remaining 33.4min]
  Trial 3/30: [OK] [843/1200, Elapsed 78.7min, Remaining 33.3min]
  Trial 4/30: [OK] [844/1200, Elapsed 78.9min, Remaining 33.3min]
  Trial 5/30: [OK] [845/1200, Elapsed 79.1min, Remaining 33.2min]
  Trial 6/30: [OK] [846/1200, Elapsed 79.3min, Remaining 33.2min]
  Trial 7/30: [OK] [847/1200, Elapsed 79.5min, Remaining 33.1min]
  Trial 8/30: [OK] [848/1200, Elapsed 79.7min, Remaining 33.1min]
  Trial 9/30: [OK] [849/1200, Elapsed 79.9min, Remaining 33.0min]
  Trial 10/30: [OK] [850/1200, Elapsed 80.1min, Remaining 33.0min]
  Trial 11/30: [OK] [851/1200, Elapsed 80.3min, Remaining 32.9min]
  Trial 12/30: [OK] [852/1200, Elapsed 80.5min, Remaining 32.9min]
  Trial 13/30: [OK] [853/1200, Elapsed 80.7min, Remaining 32.8min]
  Trial 14/30: [OK] [854/1200, Elapsed 80.9min, Remaining 32.8min]
  Trial 15/30: [OK] [855/1200, Elapsed 81.1min, Remaining 32.7min]
  Trial 16/30: [OK] [856/1200, Elapsed 81.3min, Remaining 32.7min]
  Trial 17/30: [OK] [857/1200, Elapsed 81.5min, Remaining 32.6min]
  Trial 18/30: [OK] [858/1200, Elapsed 81.7min, Remaining 32.6min]
  Trial 19/30: [OK] [859/1200, Elapsed 81.9min, Remaining 32.5min]
  Trial 20/30: [OK] [860/1200, Elapsed 82.1min, Remaining 32.5min]
  Trial 21/30: [OK] [861/1200, Elapsed 82.3min, Remaining 32.4min]
  Trial 22/30: [OK] [862/1200, Elapsed 82.5min, Remaining 32.4min]
  Trial 23/30: [OK] [863/1200, Elapsed 82.8min, Remaining 32.3min]
  Trial 24/30: [OK] [864/1200, Elapsed 83.0min, Remaining 32.3min]
  Trial 25/30: [OK] [865/1200, Elapsed 83.2min, Remaining 32.2min]
  Trial 26/30: [OK] [866/1200, Elapsed 83.2min, Remaining 32.1min]
  Trial 27/30: [OK] [867/1200, Elapsed 83.4min, Remaining 32.0min]
  Trial 28/30: [OK] [868/1200, Elapsed 83.6min, Remaining 32.0min]
  Trial 29/30: [OK] [869/1200, Elapsed 83.7min, Remaining 31.9min]
  Trial 30/30: [OK] [870/1200, Elapsed 83.9min, Remaining 31.8min]

PID配置: Ki_0.04 (Kp=0.25, Ki=0.04, Kd=0.10)
  Trial 1/30: [OK] [871/1200, Elapsed 84.1min, Remaining 31.8min]
  Trial 2/30: [OK] [872/1200, Elapsed 84.3min, Remaining 31.7min]
  Trial 3/30: [OK] [873/1200, Elapsed 84.5min, Remaining 31.6min]
  Trial 4/30: [OK] [874/1200, Elapsed 84.7min, Remaining 31.6min]
  Trial 5/30: [OK] [875/1200, Elapsed 84.9min, Remaining 31.5min]
  Trial 6/30: [OK] [876/1200, Elapsed 84.9min, Remaining 31.4min]
  Trial 7/30: [OK] [877/1200, Elapsed 85.1min, Remaining 31.4min]
  Trial 8/30: [OK] [878/1200, Elapsed 85.2min, Remaining 31.2min]
  Trial 9/30: [OK] [879/1200, Elapsed 85.4min, Remaining 31.2min]
  Trial 10/30: [OK] [880/1200, Elapsed 85.6min, Remaining 31.1min]
  Trial 11/30: [OK] [881/1200, Elapsed 85.7min, Remaining 31.0min]
  Trial 12/30: [OK] [882/1200, Elapsed 85.9min, Remaining 31.0min]
  Trial 13/30: [OK] [883/1200, Elapsed 86.1min, Remaining 30.9min]
  Trial 14/30: [OK] [884/1200, Elapsed 86.3min, Remaining 30.9min]
  Trial 15/30: [OK] [885/1200, Elapsed 86.4min, Remaining 30.7min]
  Trial 16/30: [OK] [886/1200, Elapsed 86.6min, Remaining 30.7min]
  Trial 17/30: [OK] [887/1200, Elapsed 86.8min, Remaining 30.6min]
  Trial 18/30: [OK] [888/1200, Elapsed 87.0min, Remaining 30.6min]
  Trial 19/30: [OK] [889/1200, Elapsed 87.2min, Remaining 30.5min]
  Trial 20/30: [OK] [890/1200, Elapsed 87.4min, Remaining 30.4min]
  Trial 21/30: [OK] [891/1200, Elapsed 87.6min, Remaining 30.4min]
  Trial 22/30: [OK] [892/1200, Elapsed 87.7min, Remaining 30.3min]
  Trial 23/30: [OK] [893/1200, Elapsed 87.9min, Remaining 30.2min]
  Trial 24/30: [OK] [894/1200, Elapsed 88.1min, Remaining 30.2min]
  Trial 25/30: [OK] [895/1200, Elapsed 88.3min, Remaining 30.1min]
  Trial 26/30: [OK] [896/1200, Elapsed 88.5min, Remaining 30.0min]
  Trial 27/30: [OK] [897/1200, Elapsed 88.7min, Remaining 30.0min]
  Trial 28/30: [OK] [898/1200, Elapsed 88.9min, Remaining 29.9min]
  Trial 29/30: [OK] [899/1200, Elapsed 89.1min, Remaining 29.8min]
  Trial 30/30: [OK] [900/1200, Elapsed 89.2min, Remaining 29.7min]

PID配置: Ki_0.05 (Kp=0.25, Ki=0.05, Kd=0.10)
  Trial 1/30: [OK] [901/1200, Elapsed 89.4min, Remaining 29.7min]
  Trial 2/30: [OK] [902/1200, Elapsed 89.4min, Remaining 29.5min]
  Trial 3/30: [OK] [903/1200, Elapsed 89.6min, Remaining 29.5min]
  Trial 4/30: [OK] [904/1200, Elapsed 89.8min, Remaining 29.4min]
  Trial 5/30: [OK] [905/1200, Elapsed 89.8min, Remaining 29.3min]
  Trial 6/30: [OK] [906/1200, Elapsed 90.0min, Remaining 29.2min]
  Trial 7/30: [OK] [907/1200, Elapsed 90.3min, Remaining 29.2min]
  Trial 8/30: [OK] [908/1200, Elapsed 90.5min, Remaining 29.1min]
  Trial 9/30: [OK] [909/1200, Elapsed 90.7min, Remaining 29.0min]
  Trial 10/30: [OK] [910/1200, Elapsed 90.9min, Remaining 29.0min]
  Trial 11/30: [OK] [911/1200, Elapsed 91.1min, Remaining 28.9min]
  Trial 12/30: [OK] [912/1200, Elapsed 91.3min, Remaining 28.8min]
  Trial 13/30: [OK] [913/1200, Elapsed 91.5min, Remaining 28.8min]
  Trial 14/30: [OK] [914/1200, Elapsed 91.7min, Remaining 28.7min]
  Trial 15/30: [OK] [915/1200, Elapsed 91.7min, Remaining 28.6min]
  Trial 16/30: [OK] [916/1200, Elapsed 91.8min, Remaining 28.5min]
  Trial 17/30: [OK] [917/1200, Elapsed 92.0min, Remaining 28.4min]
  Trial 18/30: [OK] [918/1200, Elapsed 92.0min, Remaining 28.3min]
  Trial 19/30: [OK] [919/1200, Elapsed 92.2min, Remaining 28.2min]
  Trial 20/30: [OK] [920/1200, Elapsed 92.4min, Remaining 28.1min]
  Trial 21/30: [OK] [921/1200, Elapsed 92.6min, Remaining 28.1min]
  Trial 22/30: [OK] [922/1200, Elapsed 92.9min, Remaining 28.0min]
  Trial 23/30: [OK] [923/1200, Elapsed 93.1min, Remaining 27.9min]
  Trial 24/30: [OK] [924/1200, Elapsed 93.3min, Remaining 27.9min]
  Trial 25/30: [OK] [925/1200, Elapsed 93.5min, Remaining 27.8min]
  Trial 26/30: [OK] [926/1200, Elapsed 93.7min, Remaining 27.7min]
  Trial 27/30: [OK] [927/1200, Elapsed 93.9min, Remaining 27.6min]
  Trial 28/30: [OK] [928/1200, Elapsed 94.1min, Remaining 27.6min]
  Trial 29/30: [OK] [929/1200, Elapsed 94.3min, Remaining 27.5min]
  Trial 30/30: [OK] [930/1200, Elapsed 94.5min, Remaining 27.4min]

PID配置: Ki_0.06 (Kp=0.25, Ki=0.06, Kd=0.10)
  Trial 1/30: [OK] [931/1200, Elapsed 94.7min, Remaining 27.4min]
  Trial 2/30: [OK] [932/1200, Elapsed 94.9min, Remaining 27.3min]
  Trial 3/30: [OK] [933/1200, Elapsed 95.1min, Remaining 27.2min]
  Trial 4/30: [OK] [934/1200, Elapsed 95.2min, Remaining 27.1min]
  Trial 5/30: [OK] [935/1200, Elapsed 95.4min, Remaining 27.0min]
  Trial 6/30: [OK] [936/1200, Elapsed 95.6min, Remaining 27.0min]
  Trial 7/30: [OK] [937/1200, Elapsed 95.8min, Remaining 26.9min]
  Trial 8/30: [OK] [938/1200, Elapsed 96.0min, Remaining 26.8min]
  Trial 9/30: [OK] [939/1200, Elapsed 96.2min, Remaining 26.7min]
  Trial 10/30: [OK] [940/1200, Elapsed 96.4min, Remaining 26.7min]
  Trial 11/30: [OK] [941/1200, Elapsed 96.6min, Remaining 26.6min]
  Trial 12/30: [OK] [942/1200, Elapsed 96.8min, Remaining 26.5min]
  Trial 13/30: [OK] [943/1200, Elapsed 97.0min, Remaining 26.4min]
  Trial 14/30: [OK] [944/1200, Elapsed 97.2min, Remaining 26.4min]
  Trial 15/30: [OK] [945/1200, Elapsed 97.4min, Remaining 26.3min]
  Trial 16/30: [OK] [946/1200, Elapsed 97.6min, Remaining 26.2min]
  Trial 17/30: [OK] [947/1200, Elapsed 97.8min, Remaining 26.1min]
  Trial 18/30: [OK] [948/1200, Elapsed 98.0min, Remaining 26.1min]
  Trial 19/30: [OK] [949/1200, Elapsed 98.2min, Remaining 26.0min]
  Trial 20/30: [OK] [950/1200, Elapsed 98.4min, Remaining 25.9min]
  Trial 21/30: [OK] [951/1200, Elapsed 98.6min, Remaining 25.8min]
  Trial 22/30: [OK] [952/1200, Elapsed 98.8min, Remaining 25.7min]
  Trial 23/30: [OK] [953/1200, Elapsed 99.0min, Remaining 25.7min]
  Trial 24/30: [OK] [954/1200, Elapsed 99.2min, Remaining 25.6min]
  Trial 25/30: [OK] [955/1200, Elapsed 99.4min, Remaining 25.5min]
  Trial 26/30: [OK] [956/1200, Elapsed 99.6min, Remaining 25.4min]
  Trial 27/30: [OK] [957/1200, Elapsed 99.8min, Remaining 25.4min]
  Trial 28/30: [OK] [958/1200, Elapsed 100.0min, Remaining 25.3min]
  Trial 29/30: [OK] [959/1200, Elapsed 100.2min, Remaining 25.2min]
  Trial 30/30: [OK] [960/1200, Elapsed 100.4min, Remaining 25.1min]

PID配置: Kd_0.06 (Kp=0.25, Ki=0.04, Kd=0.06)
  Trial 1/30: [OK] [961/1200, Elapsed 100.6min, Remaining 25.0min]
  Trial 2/30: [OK] [962/1200, Elapsed 100.8min, Remaining 24.9min]
  Trial 3/30: [OK] [963/1200, Elapsed 101.0min, Remaining 24.9min]
  Trial 4/30: [OK] [964/1200, Elapsed 101.2min, Remaining 24.8min]
  Trial 5/30: [OK] [965/1200, Elapsed 101.5min, Remaining 24.7min]
  Trial 6/30: [OK] [966/1200, Elapsed 101.5min, Remaining 24.6min]
  Trial 7/30: [OK] [967/1200, Elapsed 101.7min, Remaining 24.5min]
  Trial 8/30: [OK] [968/1200, Elapsed 101.9min, Remaining 24.4min]
  Trial 9/30: [OK] [969/1200, Elapsed 102.1min, Remaining 24.3min]
  Trial 10/30: [OK] [970/1200, Elapsed 102.3min, Remaining 24.3min]
  Trial 11/30: [OK] [971/1200, Elapsed 102.5min, Remaining 24.2min]
  Trial 12/30: [OK] [972/1200, Elapsed 102.7min, Remaining 24.1min]
  Trial 13/30: [OK] [973/1200, Elapsed 102.8min, Remaining 24.0min]
  Trial 14/30: [OK] [974/1200, Elapsed 103.0min, Remaining 23.9min]
  Trial 15/30: [OK] [975/1200, Elapsed 103.2min, Remaining 23.8min]
  Trial 16/30: [OK] [976/1200, Elapsed 103.3min, Remaining 23.7min]
  Trial 17/30: [OK] [977/1200, Elapsed 103.3min, Remaining 23.6min]
  Trial 18/30: [OK] [978/1200, Elapsed 103.5min, Remaining 23.5min]
  Trial 19/30: [OK] [979/1200, Elapsed 103.7min, Remaining 23.4min]
  Trial 20/30: [OK] [980/1200, Elapsed 103.9min, Remaining 23.3min]
  Trial 21/30: [OK] [981/1200, Elapsed 104.0min, Remaining 23.2min]
  Trial 22/30: [OK] [982/1200, Elapsed 104.2min, Remaining 23.1min]
  Trial 23/30: [OK] [983/1200, Elapsed 104.4min, Remaining 23.0min]
  Trial 24/30: [OK] [984/1200, Elapsed 104.6min, Remaining 23.0min]
  Trial 25/30: [OK] [985/1200, Elapsed 104.8min, Remaining 22.9min]
  Trial 26/30: [OK] [986/1200, Elapsed 105.0min, Remaining 22.8min]
  Trial 27/30: [OK] [987/1200, Elapsed 105.2min, Remaining 22.7min]
  Trial 28/30: [OK] [988/1200, Elapsed 105.4min, Remaining 22.6min]
  Trial 29/30: [OK] [989/1200, Elapsed 105.6min, Remaining 22.5min]
  Trial 30/30: [OK] [990/1200, Elapsed 105.8min, Remaining 22.4min]

PID配置: Kd_0.08 (Kp=0.25, Ki=0.04, Kd=0.08)
  Trial 1/30: [OK] [991/1200, Elapsed 105.8min, Remaining 22.3min]
  Trial 2/30: [OK] [992/1200, Elapsed 105.9min, Remaining 22.2min]
  Trial 3/30: [OK] [993/1200, Elapsed 105.9min, Remaining 22.1min]
  Trial 4/30: [OK] [994/1200, Elapsed 106.1min, Remaining 22.0min]
  Trial 5/30: [OK] [995/1200, Elapsed 106.2min, Remaining 21.9min]
  Trial 6/30: [OK] [996/1200, Elapsed 106.4min, Remaining 21.8min]
  Trial 7/30: [OK] [997/1200, Elapsed 106.6min, Remaining 21.7min]
  Trial 8/30: [OK] [998/1200, Elapsed 106.8min, Remaining 21.6min]
  Trial 9/30: [OK] [999/1200, Elapsed 107.0min, Remaining 21.5min]
  Trial 10/30: [OK] [1000/1200, Elapsed 107.2min, Remaining 21.4min]
  Trial 11/30: [OK] [1001/1200, Elapsed 107.4min, Remaining 21.4min]
  Trial 12/30: [OK] [1002/1200, Elapsed 107.6min, Remaining 21.3min]
  Trial 13/30: [OK] [1003/1200, Elapsed 107.8min, Remaining 21.2min]
  Trial 14/30: [OK] [1004/1200, Elapsed 108.0min, Remaining 21.1min]
  Trial 15/30: [OK] [1005/1200, Elapsed 108.1min, Remaining 21.0min]
  Trial 16/30: [OK] [1006/1200, Elapsed 108.3min, Remaining 20.9min]
  Trial 17/30: [OK] [1007/1200, Elapsed 108.5min, Remaining 20.8min]
  Trial 18/30: [OK] [1008/1200, Elapsed 108.5min, Remaining 20.7min]
  Trial 19/30: [OK] [1009/1200, Elapsed 108.6min, Remaining 20.5min]
  Trial 20/30: [OK] [1010/1200, Elapsed 108.8min, Remaining 20.5min]
  Trial 21/30: [OK] [1011/1200, Elapsed 109.0min, Remaining 20.4min]
  Trial 22/30: [OK] [1012/1200, Elapsed 109.2min, Remaining 20.3min]
  Trial 23/30: [OK] [1013/1200, Elapsed 109.4min, Remaining 20.2min]
  Trial 24/30: [OK] [1014/1200, Elapsed 109.6min, Remaining 20.1min]
  Trial 25/30: [OK] [1015/1200, Elapsed 109.8min, Remaining 20.0min]
  Trial 26/30: [OK] [1016/1200, Elapsed 110.0min, Remaining 19.9min]
  Trial 27/30: [OK] [1017/1200, Elapsed 110.2min, Remaining 19.8min]
  Trial 28/30: [OK] [1018/1200, Elapsed 110.2min, Remaining 19.7min]
  Trial 29/30: [OK] [1019/1200, Elapsed 110.4min, Remaining 19.6min]
  Trial 30/30: [OK] [1020/1200, Elapsed 110.6min, Remaining 19.5min]

PID配置: Kd_0.12 (Kp=0.25, Ki=0.04, Kd=0.12)
  Trial 1/30: [OK] [1021/1200, Elapsed 110.8min, Remaining 19.4min]
  Trial 2/30: [OK] [1022/1200, Elapsed 111.0min, Remaining 19.3min]
  Trial 3/30: [OK] [1023/1200, Elapsed 111.2min, Remaining 19.2min]
  Trial 4/30: [OK] [1024/1200, Elapsed 111.4min, Remaining 19.1min]
  Trial 5/30: [OK] [1025/1200, Elapsed 111.4min, Remaining 19.0min]
  Trial 6/30: [OK] [1026/1200, Elapsed 111.6min, Remaining 18.9min]
  Trial 7/30: [OK] [1027/1200, Elapsed 111.7min, Remaining 18.8min]
  Trial 8/30: [OK] [1028/1200, Elapsed 111.9min, Remaining 18.7min]
  Trial 9/30: [OK] [1029/1200, Elapsed 112.1min, Remaining 18.6min]
  Trial 10/30: [OK] [1030/1200, Elapsed 112.1min, Remaining 18.5min]
  Trial 11/30: [OK] [1031/1200, Elapsed 112.3min, Remaining 18.4min]
  Trial 12/30: [OK] [1032/1200, Elapsed 112.5min, Remaining 18.3min]
  Trial 13/30: [OK] [1033/1200, Elapsed 112.7min, Remaining 18.2min]
  Trial 14/30: [OK] [1034/1200, Elapsed 112.9min, Remaining 18.1min]
  Trial 15/30: [OK] [1035/1200, Elapsed 113.1min, Remaining 18.0min]
  Trial 16/30: [OK] [1036/1200, Elapsed 113.3min, Remaining 17.9min]
  Trial 17/30: [OK] [1037/1200, Elapsed 113.5min, Remaining 17.8min]
  Trial 18/30: [OK] [1038/1200, Elapsed 113.7min, Remaining 17.7min]
  Trial 19/30: [OK] [1039/1200, Elapsed 113.9min, Remaining 17.6min]
  Trial 20/30: [OK] [1040/1200, Elapsed 114.1min, Remaining 17.5min]
  Trial 21/30: [OK] [1041/1200, Elapsed 114.3min, Remaining 17.5min]
  Trial 22/30: [OK] [1042/1200, Elapsed 114.5min, Remaining 17.4min]
  Trial 23/30: [OK] [1043/1200, Elapsed 114.7min, Remaining 17.3min]
  Trial 24/30: [OK] [1044/1200, Elapsed 114.9min, Remaining 17.2min]
  Trial 25/30: [OK] [1045/1200, Elapsed 115.1min, Remaining 17.1min]
  Trial 26/30: [OK] [1046/1200, Elapsed 115.3min, Remaining 17.0min]
  Trial 27/30: [OK] [1047/1200, Elapsed 115.5min, Remaining 16.9min]
  Trial 28/30: [OK] [1048/1200, Elapsed 115.7min, Remaining 16.8min]
  Trial 29/30: [OK] [1049/1200, Elapsed 115.9min, Remaining 16.7min]
  Trial 30/30: [OK] [1050/1200, Elapsed 116.1min, Remaining 16.6min]

PID配置: Kd_0.14 (Kp=0.25, Ki=0.04, Kd=0.14)
  Trial 1/30: [OK] [1051/1200, Elapsed 116.3min, Remaining 16.5min]
  Trial 2/30: [OK] [1052/1200, Elapsed 116.5min, Remaining 16.4min]
  Trial 3/30: [OK] [1053/1200, Elapsed 116.7min, Remaining 16.3min]
  Trial 4/30: [OK] [1054/1200, Elapsed 116.9min, Remaining 16.2min]
  Trial 5/30: [OK] [1055/1200, Elapsed 117.1min, Remaining 16.1min]
  Trial 6/30: [OK] [1056/1200, Elapsed 117.3min, Remaining 16.0min]
  Trial 7/30: [OK] [1057/1200, Elapsed 117.4min, Remaining 15.9min]
  Trial 8/30: [OK] [1058/1200, Elapsed 117.6min, Remaining 15.8min]
  Trial 9/30: [OK] [1059/1200, Elapsed 117.8min, Remaining 15.7min]
  Trial 10/30: [OK] [1060/1200, Elapsed 118.0min, Remaining 15.6min]
  Trial 11/30: [OK] [1061/1200, Elapsed 118.1min, Remaining 15.5min]
  Trial 12/30: [OK] [1062/1200, Elapsed 118.3min, Remaining 15.4min]
  Trial 13/30: [OK] [1063/1200, Elapsed 118.5min, Remaining 15.3min]
  Trial 14/30: [OK] [1064/1200, Elapsed 118.7min, Remaining 15.2min]
  Trial 15/30: [OK] [1065/1200, Elapsed 118.9min, Remaining 15.1min]
  Trial 16/30: [OK] [1066/1200, Elapsed 119.1min, Remaining 15.0min]
  Trial 17/30: [OK] [1067/1200, Elapsed 119.3min, Remaining 14.9min]
  Trial 18/30: [OK] [1068/1200, Elapsed 119.5min, Remaining 14.8min]
  Trial 19/30: [OK] [1069/1200, Elapsed 119.7min, Remaining 14.7min]
  Trial 20/30: [OK] [1070/1200, Elapsed 119.9min, Remaining 14.6min]
  Trial 21/30: [OK] [1071/1200, Elapsed 120.2min, Remaining 14.5min]
  Trial 22/30: [OK] [1072/1200, Elapsed 120.4min, Remaining 14.4min]
  Trial 23/30: [OK] [1073/1200, Elapsed 120.6min, Remaining 14.3min]
  Trial 24/30: [OK] [1074/1200, Elapsed 120.8min, Remaining 14.2min]
  Trial 25/30: [OK] [1075/1200, Elapsed 120.9min, Remaining 14.1min]
  Trial 26/30: [OK] [1076/1200, Elapsed 121.1min, Remaining 14.0min]
  Trial 27/30: [OK] [1077/1200, Elapsed 121.3min, Remaining 13.9min]
  Trial 28/30: [OK] [1078/1200, Elapsed 121.5min, Remaining 13.8min]
  Trial 29/30: [OK] [1079/1200, Elapsed 121.7min, Remaining 13.6min]
  Trial 30/30: [OK] [1080/1200, Elapsed 121.9min, Remaining 13.5min]

PID配置: All_Low (Kp=0.10, Ki=0.02, Kd=0.06)
  Trial 1/30: [OK] [1081/1200, Elapsed 122.1min, Remaining 13.4min]
  Trial 2/30: [OK] [1082/1200, Elapsed 122.3min, Remaining 13.3min]
  Trial 3/30: [OK] [1083/1200, Elapsed 122.5min, Remaining 13.2min]
  Trial 4/30: [OK] [1084/1200, Elapsed 122.6min, Remaining 13.1min]
  Trial 5/30: [OK] [1085/1200, Elapsed 122.8min, Remaining 13.0min]
  Trial 6/30: [OK] [1086/1200, Elapsed 123.0min, Remaining 12.9min]
  Trial 7/30: [OK] [1087/1200, Elapsed 123.2min, Remaining 12.8min]
  Trial 8/30: [OK] [1088/1200, Elapsed 123.4min, Remaining 12.7min]
  Trial 9/30: [OK] [1089/1200, Elapsed 123.6min, Remaining 12.6min]
  Trial 10/30: [OK] [1090/1200, Elapsed 123.8min, Remaining 12.5min]
  Trial 11/30: [OK] [1091/1200, Elapsed 124.0min, Remaining 12.4min]
  Trial 12/30: [OK] [1092/1200, Elapsed 124.2min, Remaining 12.3min]
  Trial 13/30: [OK] [1093/1200, Elapsed 124.4min, Remaining 12.2min]
  Trial 14/30: [OK] [1094/1200, Elapsed 124.6min, Remaining 12.1min]
  Trial 15/30: [OK] [1095/1200, Elapsed 124.8min, Remaining 12.0min]
  Trial 16/30: [OK] [1096/1200, Elapsed 125.0min, Remaining 11.9min]
  Trial 17/30: [OK] [1097/1200, Elapsed 125.1min, Remaining 11.7min]
  Trial 18/30: [OK] [1098/1200, Elapsed 125.3min, Remaining 11.6min]
  Trial 19/30: [OK] [1099/1200, Elapsed 125.5min, Remaining 11.5min]
  Trial 20/30: [OK] [1100/1200, Elapsed 125.7min, Remaining 11.4min]
  Trial 21/30: [OK] [1101/1200, Elapsed 125.8min, Remaining 11.3min]
  Trial 22/30: [OK] [1102/1200, Elapsed 125.9min, Remaining 11.2min]
  Trial 23/30: [OK] [1103/1200, Elapsed 126.1min, Remaining 11.1min]
  Trial 24/30: [OK] [1104/1200, Elapsed 126.3min, Remaining 11.0min]
  Trial 25/30: [OK] [1105/1200, Elapsed 126.4min, Remaining 10.9min]
  Trial 26/30: [OK] [1106/1200, Elapsed 126.4min, Remaining 10.7min]
  Trial 27/30: [OK] [1107/1200, Elapsed 126.6min, Remaining 10.6min]
  Trial 28/30: [OK] [1108/1200, Elapsed 126.8min, Remaining 10.5min]
  Trial 29/30: [OK] [1109/1200, Elapsed 127.0min, Remaining 10.4min]
  Trial 30/30: [OK] [1110/1200, Elapsed 127.2min, Remaining 10.3min]

PID配置: All_High (Kp=0.40, Ki=0.06, Kd=0.14)
  Trial 1/30: [OK] [1111/1200, Elapsed 127.4min, Remaining 10.2min]
  Trial 2/30: [OK] [1112/1200, Elapsed 127.6min, Remaining 10.1min]
  Trial 3/30: [OK] [1113/1200, Elapsed 127.8min, Remaining 10.0min]
  Trial 4/30: [OK] [1114/1200, Elapsed 128.0min, Remaining 9.9min]
  Trial 5/30: [OK] [1115/1200, Elapsed 128.2min, Remaining 9.8min]
  Trial 6/30: [OK] [1116/1200, Elapsed 128.3min, Remaining 9.7min]
  Trial 7/30: [OK] [1117/1200, Elapsed 128.5min, Remaining 9.5min]
  Trial 8/30: [OK] [1118/1200, Elapsed 128.5min, Remaining 9.4min]
  Trial 9/30: [OK] [1119/1200, Elapsed 128.6min, Remaining 9.3min]
  Trial 10/30: [OK] [1120/1200, Elapsed 128.8min, Remaining 9.2min]
  Trial 11/30: [OK] [1121/1200, Elapsed 129.0min, Remaining 9.1min]
  Trial 12/30: [OK] [1122/1200, Elapsed 129.2min, Remaining 9.0min]
  Trial 13/30: [OK] [1123/1200, Elapsed 129.4min, Remaining 8.9min]
  Trial 14/30: [OK] [1124/1200, Elapsed 129.6min, Remaining 8.8min]
  Trial 15/30: [OK] [1125/1200, Elapsed 129.8min, Remaining 8.7min]
  Trial 16/30: [OK] [1126/1200, Elapsed 130.0min, Remaining 8.5min]
  Trial 17/30: [OK] [1127/1200, Elapsed 130.2min, Remaining 8.4min]
  Trial 18/30: [OK] [1128/1200, Elapsed 130.4min, Remaining 8.3min]
  Trial 19/30: [OK] [1129/1200, Elapsed 130.6min, Remaining 8.2min]
  Trial 20/30: [OK] [1130/1200, Elapsed 130.8min, Remaining 8.1min]
  Trial 21/30: [OK] [1131/1200, Elapsed 131.1min, Remaining 8.0min]
  Trial 22/30: [OK] [1132/1200, Elapsed 131.3min, Remaining 7.9min]
  Trial 23/30: [OK] [1133/1200, Elapsed 131.3min, Remaining 7.8min]
  Trial 24/30: [OK] [1134/1200, Elapsed 131.5min, Remaining 7.7min]
  Trial 25/30: [OK] [1135/1200, Elapsed 131.7min, Remaining 7.5min]
  Trial 26/30: [OK] [1136/1200, Elapsed 131.9min, Remaining 7.4min]
  Trial 27/30: [OK] [1137/1200, Elapsed 132.1min, Remaining 7.3min]
  Trial 28/30: [OK] [1138/1200, Elapsed 132.3min, Remaining 7.2min]
  Trial 29/30: [OK] [1139/1200, Elapsed 132.3min, Remaining 7.1min]
  Trial 30/30: [OK] [1140/1200, Elapsed 132.3min, Remaining 7.0min]

PID配置: High_Kp_Kd (Kp=0.35, Ki=0.02, Kd=0.14)
  Trial 1/30: [OK] [1141/1200, Elapsed 132.4min, Remaining 6.8min]
  Trial 2/30: [OK] [1142/1200, Elapsed 132.7min, Remaining 6.7min]
  Trial 3/30: [OK] [1143/1200, Elapsed 132.9min, Remaining 6.6min]
  Trial 4/30: [OK] [1144/1200, Elapsed 133.1min, Remaining 6.5min]
  Trial 5/30: [OK] [1145/1200, Elapsed 133.3min, Remaining 6.4min]
  Trial 6/30: [OK] [1146/1200, Elapsed 133.3min, Remaining 6.3min]
  Trial 7/30: [OK] [1147/1200, Elapsed 133.5min, Remaining 6.2min]
  Trial 8/30: [OK] [1148/1200, Elapsed 133.7min, Remaining 6.1min]
  Trial 9/30: [OK] [1149/1200, Elapsed 133.7min, Remaining 5.9min]
  Trial 10/30: [OK] [1150/1200, Elapsed 134.0min, Remaining 5.8min]
  Trial 11/30: [OK] [1151/1200, Elapsed 134.2min, Remaining 5.7min]
  Trial 12/30: [OK] [1152/1200, Elapsed 134.4min, Remaining 5.6min]
  Trial 13/30: [OK] [1153/1200, Elapsed 134.5min, Remaining 5.5min]
  Trial 14/30: [OK] [1154/1200, Elapsed 134.7min, Remaining 5.4min]
  Trial 15/30: [OK] [1155/1200, Elapsed 135.0min, Remaining 5.3min]
  Trial 16/30: [OK] [1156/1200, Elapsed 135.1min, Remaining 5.1min]
  Trial 17/30: [OK] [1157/1200, Elapsed 135.3min, Remaining 5.0min]
  Trial 18/30: [OK] [1158/1200, Elapsed 135.6min, Remaining 4.9min]
  Trial 19/30: [OK] [1159/1200, Elapsed 135.8min, Remaining 4.8min]
  Trial 20/30: [OK] [1160/1200, Elapsed 136.0min, Remaining 4.7min]
  Trial 21/30: [OK] [1161/1200, Elapsed 136.2min, Remaining 4.6min]
  Trial 22/30: [OK] [1162/1200, Elapsed 136.4min, Remaining 4.5min]
  Trial 23/30: [OK] [1163/1200, Elapsed 136.6min, Remaining 4.3min]
  Trial 24/30: [OK] [1164/1200, Elapsed 136.8min, Remaining 4.2min]
  Trial 25/30: [OK] [1165/1200, Elapsed 136.9min, Remaining 4.1min]
  Trial 26/30: [OK] [1166/1200, Elapsed 137.2min, Remaining 4.0min]
  Trial 27/30: [OK] [1167/1200, Elapsed 137.4min, Remaining 3.9min]
  Trial 28/30: [OK] [1168/1200, Elapsed 137.6min, Remaining 3.8min]
  Trial 29/30: [OK] [1169/1200, Elapsed 137.8min, Remaining 3.7min]
  Trial 30/30: [OK] [1170/1200, Elapsed 138.0min, Remaining 3.5min]

PID配置: High_Ki (Kp=0.15, Ki=0.06, Kd=0.08)
  Trial 1/30: [OK] [1171/1200, Elapsed 138.2min, Remaining 3.4min]
  Trial 2/30: [OK] [1172/1200, Elapsed 138.4min, Remaining 3.3min]
  Trial 3/30: [OK] [1173/1200, Elapsed 138.6min, Remaining 3.2min]
  Trial 4/30: [OK] [1174/1200, Elapsed 138.8min, Remaining 3.1min]
  Trial 5/30: [OK] [1175/1200, Elapsed 138.8min, Remaining 3.0min]
  Trial 6/30: [OK] [1176/1200, Elapsed 139.1min, Remaining 2.8min]
  Trial 7/30: [OK] [1177/1200, Elapsed 139.3min, Remaining 2.7min]
  Trial 8/30: [OK] [1178/1200, Elapsed 139.5min, Remaining 2.6min]
  Trial 9/30: [OK] [1179/1200, Elapsed 139.7min, Remaining 2.5min]
  Trial 10/30: [OK] [1180/1200, Elapsed 139.9min, Remaining 2.4min]
  Trial 11/30: [OK] [1181/1200, Elapsed 140.1min, Remaining 2.3min]
  Trial 12/30: [OK] [1182/1200, Elapsed 140.3min, Remaining 2.1min]
  Trial 13/30: [OK] [1183/1200, Elapsed 140.5min, Remaining 2.0min]
  Trial 14/30: [OK] [1184/1200, Elapsed 140.7min, Remaining 1.9min]
  Trial 15/30: [OK] [1185/1200, Elapsed 140.8min, Remaining 1.8min]
  Trial 16/30: [OK] [1186/1200, Elapsed 141.0min, Remaining 1.7min]
  Trial 17/30: [OK] [1187/1200, Elapsed 141.2min, Remaining 1.5min]
  Trial 18/30: [OK] [1188/1200, Elapsed 141.4min, Remaining 1.4min]
  Trial 19/30: [OK] [1189/1200, Elapsed 141.6min, Remaining 1.3min]
  Trial 20/30: [OK] [1190/1200, Elapsed 141.8min, Remaining 1.2min]
  Trial 21/30: [OK] [1191/1200, Elapsed 142.0min, Remaining 1.1min]
  Trial 22/30: [OK] [1192/1200, Elapsed 142.2min, Remaining 1.0min]
  Trial 23/30: [OK] [1193/1200, Elapsed 142.2min, Remaining 0.8min]
  Trial 24/30: [OK] [1194/1200, Elapsed 142.4min, Remaining 0.7min]
  Trial 25/30: [OK] [1195/1200, Elapsed 142.6min, Remaining 0.6min]
  Trial 26/30: [OK] [1196/1200, Elapsed 142.8min, Remaining 0.5min]
  Trial 27/30: [OK] [1197/1200, Elapsed 143.1min, Remaining 0.4min]
  Trial 28/30: [OK] [1198/1200, Elapsed 143.3min, Remaining 0.2min]
  Trial 29/30: [OK] [1199/1200, Elapsed 143.5min, Remaining 0.1min]
  Trial 30/30: [OK] [1200/1200, Elapsed 143.7min, Remaining 0.0min]

结果已保存: ../results/pid_experiment_results_20260203_142407.csv

统计摘要已保存: ../results/statistical_summary_20260203_142407.txt
LaTeX表格已生成: ../results/latex_table_20260203_142407.tex

======================================================================
执行ANOVA统计分析
======================================================================
ANOVA分析已保存: ../results/anova_analysis_20260203_142407.txt

======================================================================
实验完成! 总耗时: 143.7分钟
总运行次数: 1200
成功次数: 994
失败次数: 206
结果已保存到: ../results
日志文件: ../results/experiment_log_20260203_120027.txt
======================================================================
